<html>
<body>
<pre>
<h1>礦ision Build Log</h1>
<h2>Tool Versions:</h2>
IDE-Version: μVision V5.40.0.0
Copyright (C) 2024 ARM Ltd and ARM Germany GmbH. All rights reserved.
License Information: wang mobai, w, LIC=65ISZ-JAL5U-WFMI7-ERDWS-XNR0K-8HAB2
 
Tool Versions:
Toolchain:       MDK-ARM Plus  Version: 5.40.0.3
Toolchain Path:  E:\keil\ARM\ArmCC\Bin
C Compiler:      Armcc.exe V5.06 update 7 (build 960)
Assembler:       Armasm.exe V5.06 update 7 (build 960)
Linker/Locator:  ArmLink.exe V5.06 update 7 (build 960)
Library Manager: ArmAr.exe V5.06 update 7 (build 960)
Hex Converter:   FromElf.exe V5.06 update 7 (build 960)
CPU DLL:         SARMCM3.DLL V5.40.0.3
Dialog DLL:      DCM.DLL V1.17.5.0
Target DLL:      STLink\ST-LINKIII-KEIL_SWO.dll V3.3.0.0
Dialog DLL:      TCM.DLL V1.56.4.0
 
<h2>Project:</h2>
C:\Users\mobai\Desktop\下位机\MDK-ARM\test.uvprojx
Project File Date:  10/18/2024

<h2>Output:</h2>
*** Using Compiler 'V5.06 update 7 (build 960)', folder: 'E:\keil\ARM\ArmCC\Bin'
Build target 'test'
Note: source file '.\mpu6050\MPU6050.c' - object file renamed from 'test\MPU6050.o' to 'test\mpu6050_1.o'.
compiling main.c...
../Core/Src/main.c(96): warning:  #177-D: variable "value"  was declared but never referenced
  	uint8_t value = 0;
../Core/Src/main.c(97): warning:  #177-D: variable "AdcValue"  was declared but never referenced
    uint16_t AdcValue = 0;
../Core/Src/main.c(98): warning:  #177-D: variable "str"  was declared but never referenced
  	char str[30];
../Core/Src/main.c(100): warning:  #177-D: variable "ADC_Value1"  was declared but never referenced
  	uint16_t ADC_Value1,i;
../Core/Src/main.c(100): warning:  #177-D: variable "i"  was declared but never referenced
  	uint16_t ADC_Value1,i;
../Core/Src/main.c(102): warning:  #177-D: variable "press1"  was declared but never referenced
  	float press1;//两个通道采集数据存在这个数组里面
../Core/Src/main.c(103): warning:  #177-D: variable "press2"  was declared but never referenced
  	float press2;
../Core/Src/main.c(104): warning:  #177-D: variable "press3"  was declared but never referenced
  	float press3;
../Core/Src/main.c(105): warning:  #177-D: variable "press4"  was declared but never referenced
  	float press4;
../Core/Src/main.c(107): warning:  #550-D: variable "x2"  was set but never used
  	int  x2 ;
../Core/Src/main.c(116): warning:  #177-D: variable "x11"  was declared but never referenced
  	int  x11 ;
../Core/Src/main.c(117): warning:  #177-D: variable "x12"  was declared but never referenced
  	int  x12 ;
../Core/Src/main.c(120): warning:  #177-D: variable "x"  was declared but never referenced
  	short x;
../Core/Src/main.c(121): warning:  #177-D: variable "y"  was declared but never referenced
    short y;
../Core/Src/main.c(122): warning:  #177-D: variable "z"  was declared but never referenced
    short z;
../Core/Src/main.c(123): warning:  #177-D: variable "ax"  was declared but never referenced
  	int16_t ax, ay, az;	
../Core/Src/main.c(123): warning:  #177-D: variable "ay"  was declared but never referenced
  	int16_t ax, ay, az;	
../Core/Src/main.c(123): warning:  #177-D: variable "az"  was declared but never referenced
  	int16_t ax, ay, az;	
../Core/Src/main.c(124): warning:  #177-D: variable "gx"  was declared but never referenced
    int16_t gx, gy, gz;
../Core/Src/main.c(124): warning:  #177-D: variable "gy"  was declared but never referenced
    int16_t gx, gy, gz;
../Core/Src/main.c(124): warning:  #177-D: variable "gz"  was declared but never referenced
    int16_t gx, gy, gz;
../Core/Src/main.c(125): warning:  #177-D: variable "ypr"  was declared but never referenced
  	float ypr[3]; // yaw pitch roll
../Core/Src/main.c: 22 warnings, 0 errors
linking...
Program Size: Code=15104 RO-data=328 RW-data=28 ZI-data=6524  
FromELF: creating hex file...
"test\test.axf" - 0 Error(s), 22 Warning(s).

<h2>Software Packages used:</h2>

Package Vendor: ARM
                https://www.keil.com/pack/ARM.CMSIS.6.1.0.pack
                ARM::CMSIS@6.1.0
                CMSIS (Common Microcontroller Software Interface Standard)
   * Component: CORE Version: 6.1.0

Package Vendor: Keil
                https://www.keil.com/pack/Keil.STM32F1xx_DFP.2.4.1.pack
                Keil::STM32F1xx_DFP@2.4.1
                STMicroelectronics STM32F1 Series Device Support, Drivers and Examples

<h2>Collection of Component include folders:</h2>
  ./RTE/_test
  E:/keil/ARM/CMSIS/6.1.0/CMSIS/Core/Include
  E:/keil/Keil/STM32F1xx_DFP/2.4.1/Device/Include

<h2>Collection of Component Files used:</h2>

   * Component: ARM::CMSIS:CORE@6.1.0
      Include file:  CMSIS/Core/Include/tz_context.h
Build Time Elapsed:  00:00:02
</pre>
</body>
</html>
