Component: ARM Compiler 5.06 update 5 (build 528) Tool: armlink [4d35e2]

==============================================================================

Section Cross References

    startup_stm32f103xb.o(RESET) refers to startup_stm32f103xb.o(STACK) for __initial_sp
    startup_stm32f103xb.o(RESET) refers to startup_stm32f103xb.o(.text) for Reset_Handler
    startup_stm32f103xb.o(RESET) refers to stm32f1xx_it.o(i.NMI_Handler) for NMI_Handler
    startup_stm32f103xb.o(RESET) refers to stm32f1xx_it.o(i.HardFault_Handler) for HardFault_Handler
    startup_stm32f103xb.o(RESET) refers to stm32f1xx_it.o(i.MemManage_Handler) for MemManage_Handler
    startup_stm32f103xb.o(RESET) refers to stm32f1xx_it.o(i.BusFault_Handler) for BusFault_Handler
    startup_stm32f103xb.o(RESET) refers to stm32f1xx_it.o(i.UsageFault_Handler) for UsageFault_Handler
    startup_stm32f103xb.o(RESET) refers to stm32f1xx_it.o(i.SVC_Handler) for SVC_Handler
    startup_stm32f103xb.o(RESET) refers to stm32f1xx_it.o(i.DebugMon_Handler) for DebugMon_Handler
    startup_stm32f103xb.o(RESET) refers to stm32f1xx_it.o(i.PendSV_Handler) for PendSV_Handler
    startup_stm32f103xb.o(RESET) refers to stm32f1xx_it.o(i.SysTick_Handler) for SysTick_Handler
    startup_stm32f103xb.o(RESET) refers to stm32f1xx_it.o(i.DMA1_Channel1_IRQHandler) for DMA1_Channel1_IRQHandler
    startup_stm32f103xb.o(RESET) refers to stm32f1xx_it.o(i.DMA1_Channel4_IRQHandler) for DMA1_Channel4_IRQHandler
    startup_stm32f103xb.o(RESET) refers to stm32f1xx_it.o(i.DMA1_Channel5_IRQHandler) for DMA1_Channel5_IRQHandler
    startup_stm32f103xb.o(RESET) refers to stm32f1xx_it.o(i.USART1_IRQHandler) for USART1_IRQHandler
    startup_stm32f103xb.o(.text) refers to system_stm32f1xx.o(i.SystemInit) for SystemInit
    startup_stm32f103xb.o(.text) refers to entry.o(.ARM.Collect$$$$00000000) for __main
    ioi2c.o(i.I2C_ReadOneByte) refers to ioi2c.o(i.IIC_Start) for IIC_Start
    ioi2c.o(i.I2C_ReadOneByte) refers to ioi2c.o(i.IIC_Send_Byte) for IIC_Send_Byte
    ioi2c.o(i.I2C_ReadOneByte) refers to ioi2c.o(i.IIC_Wait_Ack) for IIC_Wait_Ack
    ioi2c.o(i.I2C_ReadOneByte) refers to ioi2c.o(i.IIC_Read_Byte) for IIC_Read_Byte
    ioi2c.o(i.I2C_ReadOneByte) refers to ioi2c.o(i.IIC_Stop) for IIC_Stop
    ioi2c.o(i.IIC_Ack) refers to delay.o(i.delay_us) for delay_us
    ioi2c.o(i.IIC_Init) refers to stm32f1xx_hal_gpio.o(i.HAL_GPIO_Init) for HAL_GPIO_Init
    ioi2c.o(i.IIC_NAck) refers to delay.o(i.delay_us) for delay_us
    ioi2c.o(i.IIC_Read_Byte) refers to delay.o(i.delay_us) for delay_us
    ioi2c.o(i.IIC_Read_Byte) refers to ioi2c.o(i.IIC_Ack) for IIC_Ack
    ioi2c.o(i.IIC_Read_Byte) refers to ioi2c.o(i.IIC_NAck) for IIC_NAck
    ioi2c.o(i.IIC_Send_Byte) refers to delay.o(i.delay_us) for delay_us
    ioi2c.o(i.IIC_Start) refers to delay.o(i.delay_us) for delay_us
    ioi2c.o(i.IIC_Stop) refers to delay.o(i.delay_us) for delay_us
    ioi2c.o(i.IIC_Wait_Ack) refers to delay.o(i.delay_us) for delay_us
    ioi2c.o(i.IIC_Wait_Ack) refers to ioi2c.o(i.IIC_Stop) for IIC_Stop
    ioi2c.o(i.IICreadByte) refers to ioi2c.o(i.I2C_ReadOneByte) for I2C_ReadOneByte
    ioi2c.o(i.IICreadBytes) refers to ioi2c.o(i.IIC_Start) for IIC_Start
    ioi2c.o(i.IICreadBytes) refers to ioi2c.o(i.IIC_Send_Byte) for IIC_Send_Byte
    ioi2c.o(i.IICreadBytes) refers to ioi2c.o(i.IIC_Wait_Ack) for IIC_Wait_Ack
    ioi2c.o(i.IICreadBytes) refers to ioi2c.o(i.IIC_Read_Byte) for IIC_Read_Byte
    ioi2c.o(i.IICreadBytes) refers to ioi2c.o(i.IIC_Stop) for IIC_Stop
    ioi2c.o(i.IICwriteBit) refers to ioi2c.o(i.IICreadByte) for IICreadByte
    ioi2c.o(i.IICwriteBit) refers to ioi2c.o(i.IICwriteByte) for IICwriteByte
    ioi2c.o(i.IICwriteBits) refers to ioi2c.o(i.IICreadByte) for IICreadByte
    ioi2c.o(i.IICwriteBits) refers to ioi2c.o(i.IICwriteByte) for IICwriteByte
    ioi2c.o(i.IICwriteByte) refers to ioi2c.o(i.IICwriteBytes) for IICwriteBytes
    ioi2c.o(i.IICwriteBytes) refers to ioi2c.o(i.IIC_Start) for IIC_Start
    ioi2c.o(i.IICwriteBytes) refers to ioi2c.o(i.IIC_Send_Byte) for IIC_Send_Byte
    ioi2c.o(i.IICwriteBytes) refers to ioi2c.o(i.IIC_Wait_Ack) for IIC_Wait_Ack
    ioi2c.o(i.IICwriteBytes) refers to ioi2c.o(i.IIC_Stop) for IIC_Stop
    delay.o(i.delay_init) refers to delay.o(.data) for .data
    delay.o(i.delay_ms) refers to delay.o(.data) for .data
    delay.o(i.delay_us) refers to stm32f1xx_hal.o(i.HAL_GetTick) for HAL_GetTick
    hmc5883l.o(i.HMC5883L_SetUp) refers to stm32f1xx_hal_i2c.o(i.HAL_I2C_Mem_Write) for HAL_I2C_Mem_Write
    hmc5883l.o(i.HMC5883L_SetUp) refers to hmc5883l.o(i.HMC58X3_FIFO_init) for HMC58X3_FIFO_init
    hmc5883l.o(i.HMC5883L_SetUp) refers to i2c.o(.bss) for hi2c1
    hmc5883l.o(i.HMC58X3_FIFO_init) refers to hmc5883l.o(i.HMC58X3_getRaw) for HMC58X3_getRaw
    hmc5883l.o(i.HMC58X3_FIFO_init) refers to delay.o(i.delay_us) for delay_us
    hmc5883l.o(i.HMC58X3_getID) refers to ioi2c.o(i.I2C_ReadOneByte) for I2C_ReadOneByte
[...]
    .ARM.Collect$$$$0000000D                 0x080000fc   Section        0  entry10a.o(.ARM.Collect$$$$0000000D)
    .ARM.Collect$$$$0000000F                 0x080000fc   Section        0  entry11a.o(.ARM.Collect$$$$0000000F)
    .ARM.Collect$$$$00002712                 0x080000fc   Section        4  entry2.o(.ARM.Collect$$$$00002712)
    __lit__00000000                          0x080000fc   Data           4  entry2.o(.ARM.Collect$$$$00002712)
    .text                                    0x08000100   Section       36  startup_stm32f103xb.o(.text)
    .text                                    0x08000124   Section        0  ldiv.o(.text)
    .text                                    0x08000186   Section        0  llushr.o(.text)
    .text                                    0x080001a6   Section        0  memseta.o(.text)
    .text                                    0x080001ca   Section        0  memcmp.o(.text)
    .text                                    0x080001e4   Section        0  fadd.o(.text)
    .text                                    0x08000294   Section        0  fmul.o(.text)
    .text                                    0x080002f8   Section        0  fdiv.o(.text)
    .text                                    0x08000374   Section        0  fscalb.o(.text)
    .text                                    0x0800038c   Section        0  dmul.o(.text)
    .text                                    0x08000470   Section        0  fflti.o(.text)
    .text                                    0x08000482   Section        0  ffltui.o(.text)
    .text                                    0x0800048c   Section        0  ffixi.o(.text)
    .text                                    0x080004be   Section        0  ffixui.o(.text)
    .text                                    0x080004e6   Section        0  f2d.o(.text)
    .text                                    0x0800050c   Section        0  d2f.o(.text)
    .text                                    0x08000544   Section        0  uidiv.o(.text)
    .text                                    0x08000570   Section        0  uldiv.o(.text)
    .text                                    0x080005d2   Section        0  fepilogue.o(.text)
    .text                                    0x080005d2   Section        0  iusefp.o(.text)
    .text                                    0x08000640   Section        0  depilogue.o(.text)
    .text                                    0x080006fa   Section        0  dadd.o(.text)
    .text                                    0x08000848   Section        0  ddiv.o(.text)
    .text                                    0x08000926   Section        0  dscalb.o(.text)
    .text                                    0x08000954   Section        0  dsqrt.o(.text)
    .text                                    0x080009f6   Section        0  dfixul.o(.text)
    .text                                    0x08000a28   Section       48  cdrcmple.o(.text)
    .text                                    0x08000a58   Section       36  init.o(.text)
    .text                                    0x08000a7c   Section        0  llshl.o(.text)
    .text                                    0x08000a9a   Section        0  llsshr.o(.text)
    i.ADC_ConversionStop_Disable             0x08000ac0   Section        0  stm32f1xx_hal_adc.o(i.ADC_ConversionStop_Disable)
    i.ADC_DMAConvCplt                        0x08000b16   Section        0  stm32f1xx_hal_adc.o(i.ADC_DMAConvCplt)
    i.ADC_DMAError                           0x08000b64   Section        0  stm32f1xx_hal_adc.o(i.ADC_DMAError)
    i.ADC_DMAHalfConvCplt                    0x08000b7e   Section        0  stm32f1xx_hal_adc.o(i.ADC_DMAHalfConvCplt)
    i.ADC_Enable                             0x08000b88   Section        0  stm32f1xx_hal_adc.o(i.ADC_Enable)
    i.BusFault_Handler                       0x08000c04   Section        0  stm32f1xx_it.o(i.BusFault_Handler)
    i.DMA1_Channel1_IRQHandler               0x08000c08   Section        0  stm32f1xx_it.o(i.DMA1_Channel1_IRQHandler)
    i.DMA1_Channel4_IRQHandler               0x08000c14   Section        0  stm32f1xx_it.o(i.DMA1_Channel4_IRQHandler)
    i.DMA1_Channel5_IRQHandler               0x08000c20   Section        0  stm32f1xx_it.o(i.DMA1_Channel5_IRQHandler)
    i.DMA_SetConfig                          0x08000c2c   Section        0  stm32f1xx_hal_dma.o(i.DMA_SetConfig)
    DMA_SetConfig                            0x08000c2d   Thumb Code    42  stm32f1xx_hal_dma.o(i.DMA_SetConfig)
    i.DebugMon_Handler                       0x08000c56   Section        0  stm32f1xx_it.o(i.DebugMon_Handler)
    i.Error_Handler                          0x08000c58   Section        0  main.o(i.Error_Handler)
    i.HAL_ADCEx_Calibration_Start            0x08000c5c   Section        0  stm32f1xx_hal_adc_ex.o(i.HAL_ADCEx_Calibration_Start)
    i.HAL_ADC_ConfigChannel                  0x08000d34   Section        0  stm32f1xx_hal_adc.o(i.HAL_ADC_ConfigChannel)
    i.HAL_ADC_ConvCpltCallback               0x08000e30   Section        0  stm32f1xx_hal_adc.o(i.HAL_ADC_ConvCpltCallback)
    i.HAL_ADC_ConvHalfCpltCallback           0x08000e32   Section        0  stm32f1xx_hal_adc.o(i.HAL_ADC_ConvHalfCpltCallback)
    i.HAL_ADC_ErrorCallback                  0x08000e34   Section        0  stm32f1xx_hal_adc.o(i.HAL_ADC_ErrorCallback)
    i.HAL_ADC_Init                           0x08000e38   Section        0  stm32f1xx_hal_adc.o(i.HAL_ADC_Init)
    i.HAL_ADC_MspInit                        0x08000f54   Section        0  adc.o(i.HAL_ADC_MspInit)
    i.HAL_ADC_Start_DMA                      0x08001038   Section        0  stm32f1xx_hal_adc.o(i.HAL_ADC_Start_DMA)
    i.HAL_DMA_Abort                          0x08001144   Section        0  stm32f1xx_hal_dma.o(i.HAL_DMA_Abort)
    i.HAL_DMA_Abort_IT                       0x0800118c   Section        0  stm32f1xx_hal_dma.o(i.HAL_DMA_Abort_IT)
    i.HAL_DMA_IRQHandler                     0x08001224   Section        0  stm32f1xx_hal_dma.o(i.HAL_DMA_IRQHandler)
    i.HAL_DMA_Init                           0x08001378   Section        0  stm32f1xx_hal_dma.o(i.HAL_DMA_Init)
    i.HAL_DMA_Start_IT                       0x080013d4   Section        0  stm32f1xx_hal_dma.o(i.HAL_DMA_Start_IT)
    i.HAL_Delay                              0x08001444   Section        0  stm32f1xx_hal.o(i.HAL_Delay)
    i.HAL_GPIO_Init                          0x08001468   Section        0  stm32f1xx_hal_gpio.o(i.HAL_GPIO_Init)
    i.HAL_GPIO_WritePin                      0x08001648   Section        0  stm32f1xx_hal_gpio.o(i.HAL_GPIO_WritePin)
    i.HAL_GetTick                            0x08001654   Section        0  stm32f1xx_hal.o(i.HAL_GetTick)
    i.HAL_I2C_Init                           0x08001660   Section        0  stm32f1xx_hal_i2c.o(i.HAL_I2C_Init)
    i.HAL_I2C_Mem_Read                       0x080017e8   Section        0  stm32f1xx_hal_i2c.o(i.HAL_I2C_Mem_Read)
    i.HAL_I2C_Mem_Write                      0x08001a38   Section        0  stm32f1xx_hal_i2c.o(i.HAL_I2C_Mem_Write)
    i.HAL_I2C_MspInit                        0x08001b68   Section        0  i2c.o(i.HAL_I2C_MspInit)
    i.HAL_IncTick                            0x08001bc4   Section        0  stm32f1xx_hal.o(i.HAL_IncTick)
    i.HAL_Init                               0x08001bd4   Section        0  stm32f1xx_hal.o(i.HAL_Init)
    i.HAL_InitTick                           0x08001bf8   Section        0  stm32f1xx_hal.o(i.HAL_InitTick)
    i.HAL_MspInit                            0x08001c38   Section        0  stm32f1xx_hal_msp.o(i.HAL_MspInit)
    i.HAL_NVIC_EnableIRQ                     0x08001c74   Section        0  stm32f1xx_hal_cortex.o(i.HAL_NVIC_EnableIRQ)
    i.HAL_NVIC_SetPriority                   0x08001c90   Section        0  stm32f1xx_hal_cortex.o(i.HAL_NVIC_SetPriority)
    i.HAL_NVIC_SetPriorityGrouping           0x08001cd0   Section        0  stm32f1xx_hal_cortex.o(i.HAL_NVIC_SetPriorityGrouping)
    i.HAL_RCCEx_GetPeriphCLKFreq             0x08001cf4   Section        0  stm32f1xx_hal_rcc_ex.o(i.HAL_RCCEx_GetPeriphCLKFreq)
    i.HAL_RCCEx_PeriphCLKConfig              0x08001d98   Section        0  stm32f1xx_hal_rcc_ex.o(i.HAL_RCCEx_PeriphCLKConfig)
    i.HAL_RCC_ClockConfig                    0x08001e84   Section        0  stm32f1xx_hal_rcc.o(i.HAL_RCC_ClockConfig)
    i.HAL_RCC_GetPCLK1Freq                   0x08001fb0   Section        0  stm32f1xx_hal_rcc.o(i.HAL_RCC_GetPCLK1Freq)
    i.HAL_RCC_GetPCLK2Freq                   0x08001fd0   Section        0  stm32f1xx_hal_rcc.o(i.HAL_RCC_GetPCLK2Freq)
    i.HAL_RCC_GetSysClockFreq                0x08001ff0   Section        0  stm32f1xx_hal_rcc.o(i.HAL_RCC_GetSysClockFreq)
    i.HAL_RCC_OscConfig                      0x0800203c   Section        0  stm32f1xx_hal_rcc.o(i.HAL_RCC_OscConfig)
    i.HAL_SYSTICK_Config                     0x0800235c   Section        0  stm32f1xx_hal_cortex.o(i.HAL_SYSTICK_Config)
    i.HAL_UARTEx_RxEventCallback             0x08002384   Section        0  stm32f1xx_hal_uart.o(i.HAL_UARTEx_RxEventCallback)
    i.HAL_UART_ErrorCallback                 0x08002386   Section        0  stm32f1xx_hal_uart.o(i.HAL_UART_ErrorCallback)
    i.HAL_UART_IRQHandler                    0x08002388   Section        0  stm32f1xx_hal_uart.o(i.HAL_UART_IRQHandler)
    i.HAL_UART_Init                          0x080025f4   Section        0  stm32f1xx_hal_uart.o(i.HAL_UART_Init)
    i.HAL_UART_MspInit                       0x08002658   Section        0  usart.o(i.HAL_UART_MspInit)
    i.HAL_UART_Receive_IT                    0x08002734   Section        0  stm32f1xx_hal_uart.o(i.HAL_UART_Receive_IT)
    i.HAL_UART_RxCpltCallback                0x08002750   Section        0  main.o(i.HAL_UART_RxCpltCallback)
    i.HAL_UART_Transmit                      0x080027d0   Section        0  stm32f1xx_hal_uart.o(i.HAL_UART_Transmit)
    i.HAL_UART_TxCpltCallback                0x0800286a   Section        0  stm32f1xx_hal_uart.o(i.HAL_UART_TxCpltCallback)
    i.HardFault_Handler                      0x0800286c   Section        0  stm32f1xx_it.o(i.HardFault_Handler)
    i.I2C_IsAcknowledgeFailed                0x0800286e   Section        0  stm32f1xx_hal_i2c.o(i.I2C_IsAcknowledgeFailed)
    I2C_IsAcknowledgeFailed                  0x0800286f   Thumb Code    46  stm32f1xx_hal_i2c.o(i.I2C_IsAcknowledgeFailed)
    i.I2C_RequestMemoryRead                  0x0800289c   Section        0  stm32f1xx_hal_i2c.o(i.I2C_RequestMemoryRead)
    I2C_RequestMemoryRead                    0x0800289d   Thumb Code   246  stm32f1xx_hal_i2c.o(i.I2C_RequestMemoryRead)
    i.I2C_RequestMemoryWrite                 0x08002998   Section        0  stm32f1xx_hal_i2c.o(i.I2C_RequestMemoryWrite)
    I2C_RequestMemoryWrite                   0x08002999   Thumb Code   162  stm32f1xx_hal_i2c.o(i.I2C_RequestMemoryWrite)
    i.I2C_WaitOnBTFFlagUntilTimeout          0x08002a40   Section        0  stm32f1xx_hal_i2c.o(i.I2C_WaitOnBTFFlagUntilTimeout)
    I2C_WaitOnBTFFlagUntilTimeout            0x08002a41   Thumb Code    86  stm32f1xx_hal_i2c.o(i.I2C_WaitOnBTFFlagUntilTimeout)
    i.I2C_WaitOnFlagUntilTimeout             0x08002a98   Section        0  stm32f1xx_hal_i2c.o(i.I2C_WaitOnFlagUntilTimeout)
    I2C_WaitOnFlagUntilTimeout               0x08002a99   Thumb Code   144  stm32f1xx_hal_i2c.o(i.I2C_WaitOnFlagUntilTimeout)
    i.I2C_WaitOnMasterAddressFlagUntilTimeout 0x08002b28   Section        0  stm32f1xx_hal_i2c.o(i.I2C_WaitOnMasterAddressFlagUntilTimeout)
    I2C_WaitOnMasterAddressFlagUntilTimeout  0x08002b29   Thumb Code   188  stm32f1xx_hal_i2c.o(i.I2C_WaitOnMasterAddressFlagUntilTimeout)
    i.I2C_WaitOnRXNEFlagUntilTimeout         0x08002be4   Section        0  stm32f1xx_hal_i2c.o(i.I2C_WaitOnRXNEFlagUntilTimeout)
    I2C_WaitOnRXNEFlagUntilTimeout           0x08002be5   Thumb Code   112  stm32f1xx_hal_i2c.o(i.I2C_WaitOnRXNEFlagUntilTimeout)
    i.I2C_WaitOnTXEFlagUntilTimeout          0x08002c54   Section        0  stm32f1xx_hal_i2c.o(i.I2C_WaitOnTXEFlagUntilTimeout)
    I2C_WaitOnTXEFlagUntilTimeout            0x08002c55   Thumb Code    86  stm32f1xx_hal_i2c.o(i.I2C_WaitOnTXEFlagUntilTimeout)
    i.MPU6050_DMP_Get_Date                   0x08002cac   Section        0  mpu6050_1.o(i.MPU6050_DMP_Get_Date)
    i.MPU6050_DMP_init                       0x08002e48   Section        0  mpu6050_1.o(i.MPU6050_DMP_init)
    i.MX_ADC1_Init                           0x08002ef8   Section        0  adc.o(i.MX_ADC1_Init)
    i.MX_ADC2_Init                           0x08002ffc   Section        0  adc.o(i.MX_ADC2_Init)
    i.MX_DMA_Init                            0x08003060   Section        0  dma.o(i.MX_DMA_Init)
    i.MX_GPIO_Init                           0x080030ac   Section        0  gpio.o(i.MX_GPIO_Init)
    i.MX_I2C1_Init                           0x0800312c   Section        0  i2c.o(i.MX_I2C1_Init)
    i.MX_USART1_UART_Init                    0x0800316c   Section        0  usart.o(i.MX_USART1_UART_Init)
    i.MemManage_Handler                      0x080031a4   Section        0  stm32f1xx_it.o(i.MemManage_Handler)
    i.NMI_Handler                            0x080031a6   Section        0  stm32f1xx_it.o(i.NMI_Handler)
    i.PendSV_Handler                         0x080031a8   Section        0  stm32f1xx_it.o(i.PendSV_Handler)
    i.SVC_Handler                            0x080031aa   Section        0  stm32f1xx_it.o(i.SVC_Handler)
    i.SysTick_Handler                        0x080031ac   Section        0  stm32f1xx_it.o(i.SysTick_Handler)
    i.SystemClock_Config                     0x080031b0   Section        0  main.o(i.SystemClock_Config)
    i.SystemInit                             0x08003224   Section        0  system_stm32f1xx.o(i.SystemInit)
    i.UART_DMAAbortOnError                   0x08003226   Section        0  stm32f1xx_hal_uart.o(i.UART_DMAAbortOnError)
    UART_DMAAbortOnError                     0x08003227   Thumb Code    16  stm32f1xx_hal_uart.o(i.UART_DMAAbortOnError)
    i.UART_EndRxTransfer                     0x08003236   Section        0  stm32f1xx_hal_uart.o(i.UART_EndRxTransfer)
    UART_EndRxTransfer                       0x08003237   Thumb Code    78  stm32f1xx_hal_uart.o(i.UART_EndRxTransfer)
    i.UART_Receive_IT                        0x08003284   Section        0  stm32f1xx_hal_uart.o(i.UART_Receive_IT)
    UART_Receive_IT                          0x08003285   Thumb Code   194  stm32f1xx_hal_uart.o(i.UART_Receive_IT)
    i.UART_SetConfig                         0x08003348   Section        0  stm32f1xx_hal_uart.o(i.UART_SetConfig)
    UART_SetConfig                           0x08003349   Thumb Code   178  stm32f1xx_hal_uart.o(i.UART_SetConfig)
    i.UART_Start_Receive_IT                  0x08003400   Section        0  stm32f1xx_hal_uart.o(i.UART_Start_Receive_IT)
    i.UART_WaitOnFlagUntilTimeout            0x08003436   Section        0  stm32f1xx_hal_uart.o(i.UART_WaitOnFlagUntilTimeout)
    UART_WaitOnFlagUntilTimeout              0x08003437   Thumb Code   120  stm32f1xx_hal_uart.o(i.UART_WaitOnFlagUntilTimeout)
    i.USART1_IRQHandler                      0x080034b0   Section        0  stm32f1xx_it.o(i.USART1_IRQHandler)
    i.UsageFault_Handler                     0x080034bc   Section        0  stm32f1xx_it.o(i.UsageFault_Handler)
    i.__0printf                              0x080034c0   Section        0  printfa.o(i.__0printf)
    i.__ARM_fpclassify                       0x080034e0   Section        0  fpclassify.o(i.__ARM_fpclassify)
    i.__NVIC_SetPriority                     0x08003508   Section        0  stm32f1xx_hal_cortex.o(i.__NVIC_SetPriority)
    __NVIC_SetPriority                       0x08003509   Thumb Code    32  stm32f1xx_hal_cortex.o(i.__NVIC_SetPriority)
    i.__kernel_poly                          0x08003528   Section        0  poly.o(i.__kernel_poly)
    i.__mathlib_dbl_infnan                   0x080035d2   Section        0  dunder.o(i.__mathlib_dbl_infnan)
    i.__mathlib_dbl_infnan2                  0x080035d8   Section        0  dunder.o(i.__mathlib_dbl_infnan2)
    i.__mathlib_dbl_invalid                  0x080035dc   Section        0  dunder.o(i.__mathlib_dbl_invalid)
    i.__mathlib_dbl_underflow                0x080035e8   Section        0  dunder.o(i.__mathlib_dbl_underflow)
    i.__scatterload_copy                     0x080035f8   Section       14  handlers.o(i.__scatterload_copy)
    i.__scatterload_null                     0x08003606   Section        2  handlers.o(i.__scatterload_null)
    i.__scatterload_zeroinit                 0x08003608   Section       14  handlers.o(i.__scatterload_zeroinit)
    i.__set_errno                            0x08003618   Section        0  errno.o(i.__set_errno)
    i._fp_digits                             0x08003624   Section        0  printfa.o(i._fp_digits)
    _fp_digits                               0x08003625   Thumb Code   366  printfa.o(i._fp_digits)
    i._printf_core                           0x080037a8   Section        0  printfa.o(i._printf_core)
    _printf_core                             0x080037a9   Thumb Code  1744  printfa.o(i._printf_core)
    i._printf_post_padding                   0x08003e84   Section        0  printfa.o(i._printf_post_padding)
    _printf_post_padding                     0x08003e85   Thumb Code    36  printfa.o(i._printf_post_padding)
    i._printf_pre_padding                    0x08003ea8   Section        0  printfa.o(i._printf_pre_padding)
    _printf_pre_padding                      0x08003ea9   Thumb Code    46  printfa.o(i._printf_pre_padding)
    i.accel_self_test                        0x08003ed8   Section        0  inv_mpu.o(i.accel_self_test)
    accel_self_test                          0x08003ed9   Thumb Code   114  inv_mpu.o(i.accel_self_test)
    i.asin                                   0x08003f58   Section        0  asin.o(i.asin)
    i.atan                                   0x080041c8   Section        0  atan.o(i.atan)
    i.atan2                                  0x080043e8   Section        0  atan2.o(i.atan2)
    i.dmp_enable_6x_lp_quat                  0x08004568   Section        0  inv_mpu_dmp_motion_driver.o(i.dmp_enable_6x_lp_quat)
    i.dmp_enable_feature                     0x080045a4   Section        0  inv_mpu_dmp_motion_driver.o(i.dmp_enable_feature)
    i.dmp_enable_gyro_cal                    0x0800477c   Section        0  inv_mpu_dmp_motion_driver.o(i.dmp_enable_gyro_cal)
    i.dmp_enable_lp_quat                     0x080047b8   Section        0  inv_mpu_dmp_motion_driver.o(i.dmp_enable_lp_quat)
    i.dmp_load_motion_driver_firmware        0x080047f4   Section        0  inv_mpu_dmp_motion_driver.o(i.dmp_load_motion_driver_firmware)
    i.dmp_read_fifo                          0x08004808   Section        0  inv_mpu_dmp_motion_driver.o(i.dmp_read_fifo)
    i.dmp_set_accel_bias                     0x08004950   Section        0  inv_mpu_dmp_motion_driver.o(i.dmp_set_accel_bias)
    i.dmp_set_fifo_rate                      0x08004a28   Section        0  inv_mpu_dmp_motion_driver.o(i.dmp_set_fifo_rate)
    i.dmp_set_gyro_bias                      0x08004a8c   Section        0  inv_mpu_dmp_motion_driver.o(i.dmp_set_gyro_bias)
    i.dmp_set_orientation                    0x08004b58   Section        0  inv_mpu_dmp_motion_driver.o(i.dmp_set_orientation)
    i.dmp_set_shake_reject_thresh            0x08004c64   Section        0  inv_mpu_dmp_motion_driver.o(i.dmp_set_shake_reject_thresh)
    i.dmp_set_shake_reject_time              0x08004c94   Section        0  inv_mpu_dmp_motion_driver.o(i.dmp_set_shake_reject_time)
    i.dmp_set_shake_reject_timeout           0x08004cb4   Section        0  inv_mpu_dmp_motion_driver.o(i.dmp_set_shake_reject_timeout)
    i.dmp_set_tap_axes                       0x08004cd4   Section        0  inv_mpu_dmp_motion_driver.o(i.dmp_set_tap_axes)
    i.dmp_set_tap_count                      0x08004d14   Section        0  inv_mpu_dmp_motion_driver.o(i.dmp_set_tap_count)
    i.dmp_set_tap_thresh                     0x08004d38   Section        0  inv_mpu_dmp_motion_driver.o(i.dmp_set_tap_thresh)
    i.dmp_set_tap_time                       0x08004e60   Section        0  inv_mpu_dmp_motion_driver.o(i.dmp_set_tap_time)
    i.dmp_set_tap_time_multi                 0x08004e80   Section        0  inv_mpu_dmp_motion_driver.o(i.dmp_set_tap_time_multi)
    i.fputc                                  0x08004ea0   Section        0  usart.o(i.fputc)
    i.get_accel_prod_shift                   0x08004eb8   Section        0  inv_mpu.o(i.get_accel_prod_shift)
    get_accel_prod_shift                     0x08004eb9   Thumb Code   174  inv_mpu.o(i.get_accel_prod_shift)
    i.get_st_biases                          0x08004f78   Section        0  inv_mpu.o(i.get_st_biases)
    get_st_biases                            0x08004f79   Thumb Code  1004  inv_mpu.o(i.get_st_biases)
    i.gyro_self_test                         0x0800536c   Section        0  inv_mpu.o(i.gyro_self_test)
    gyro_self_test                           0x0800536d   Thumb Code   202  inv_mpu.o(i.gyro_self_test)
    i.inv_row_2_scale                        0x08005450   Section        0  mpu6050_1.o(i.inv_row_2_scale)
    inv_row_2_scale                          0x08005451   Thumb Code    72  mpu6050_1.o(i.inv_row_2_scale)
    i.main                                   0x08005498   Section        0  main.o(i.main)
    i.mpu_configure_fifo                     0x08006928   Section        0  inv_mpu.o(i.mpu_configure_fifo)
    i.mpu_get_accel_fsr                      0x0800697c   Section        0  inv_mpu.o(i.mpu_get_accel_fsr)
    i.mpu_get_accel_sens                     0x080069b8   Section        0  inv_mpu.o(i.mpu_get_accel_sens)
    i.mpu_get_gyro_fsr                       0x080069fc   Section        0  inv_mpu.o(i.mpu_get_gyro_fsr)
    i.mpu_get_gyro_sens                      0x08006a30   Section        0  inv_mpu.o(i.mpu_get_gyro_sens)
    i.mpu_get_lpf                            0x08006a70   Section        0  inv_mpu.o(i.mpu_get_lpf)
    i.mpu_get_sample_rate                    0x08006aa8   Section        0  inv_mpu.o(i.mpu_get_sample_rate)
    i.mpu_init                               0x08006ac4   Section        0  inv_mpu.o(i.mpu_init)
    i.mpu_load_firmware                      0x08006ba0   Section        0  inv_mpu.o(i.mpu_load_firmware)
    i.mpu_lp_accel_mode                      0x08006c50   Section        0  inv_mpu.o(i.mpu_lp_accel_mode)
    i.mpu_read_fifo_stream                   0x08006d24   Section        0  inv_mpu.o(i.mpu_read_fifo_stream)
    i.mpu_read_mem                           0x08006de4   Section        0  inv_mpu.o(i.mpu_read_mem)
    i.mpu_reset_fifo                         0x08006e58   Section        0  inv_mpu.o(i.mpu_reset_fifo)
    i.mpu_run_self_test                      0x08007018   Section        0  inv_mpu.o(i.mpu_run_self_test)
    i.mpu_set_accel_fsr                      0x08007108   Section        0  inv_mpu.o(i.mpu_set_accel_fsr)
    i.mpu_set_bypass                         0x08007180   Section        0  inv_mpu.o(i.mpu_set_bypass)
    i.mpu_set_dmp_state                      0x080072b8   Section        0  inv_mpu.o(i.mpu_set_dmp_state)
    i.mpu_set_gyro_fsr                       0x0800734c   Section        0  inv_mpu.o(i.mpu_set_gyro_fsr)
    i.mpu_set_int_latched                    0x080073cc   Section        0  inv_mpu.o(i.mpu_set_int_latched)
    i.mpu_set_lpf                            0x08007440   Section        0  inv_mpu.o(i.mpu_set_lpf)
    i.mpu_set_sample_rate                    0x080074c0   Section        0  inv_mpu.o(i.mpu_set_sample_rate)
    i.mpu_set_sensors                        0x08007558   Section        0  inv_mpu.o(i.mpu_set_sensors)
    i.mpu_write_mem                          0x08007634   Section        0  inv_mpu.o(i.mpu_write_mem)
    i.run_self_test                          0x080076a8   Section        0  mpu6050_1.o(i.run_self_test)
    run_self_test                            0x080076a9   Thumb Code   130  mpu6050_1.o(i.run_self_test)
    i.set_int_enable                         0x0800772c   Section        0  inv_mpu.o(i.set_int_enable)
    set_int_enable                           0x0800772d   Thumb Code   114  inv_mpu.o(i.set_int_enable)
    i.sqrt                                   0x080077a8   Section        0  sqrt.o(i.sqrt)
    .constdata                               0x080077f4   Section       18  stm32f1xx_hal_rcc.o(.constdata)
    aPredivFactorTable                       0x080077f4   Data           2  stm32f1xx_hal_rcc.o(.constdata)
    aPLLMULFactorTable                       0x080077f6   Data          16  stm32f1xx_hal_rcc.o(.constdata)
    .constdata                               0x08007806   Section       18  stm32f1xx_hal_rcc_ex.o(.constdata)
    aPredivFactorTable                       0x08007806   Data           2  stm32f1xx_hal_rcc_ex.o(.constdata)
    aPLLMULFactorTable                       0x08007808   Data          16  stm32f1xx_hal_rcc_ex.o(.constdata)
    .constdata                               0x08007818   Section       16  system_stm32f1xx.o(.constdata)
    .constdata                               0x08007828   Section        8  system_stm32f1xx.o(.constdata)
    .constdata                               0x08007830   Section       30  inv_mpu.o(.constdata)
    .constdata                               0x0800784e   Section       12  inv_mpu.o(.constdata)
    .constdata                               0x0800785c   Section       40  inv_mpu.o(.constdata)
    .constdata                               0x08007884   Section     3062  inv_mpu_dmp_motion_driver.o(.constdata)
    dmp_memory                               0x08007884   Data        3062  inv_mpu_dmp_motion_driver.o(.constdata)
    .constdata                               0x08008480   Section       80  asin.o(.constdata)
    pS                                       0x08008480   Data          48  asin.o(.constdata)
    qS                                       0x080084b0   Data          32  asin.o(.constdata)
    .constdata                               0x080084d0   Section      152  atan.o(.constdata)
    atanhi                                   0x080084d0   Data          32  atan.o(.constdata)
    atanlo                                   0x080084f0   Data          32  atan.o(.constdata)
    aTodd                                    0x08008510   Data          40  atan.o(.constdata)
    aTeven                                   0x08008538   Data          48  atan.o(.constdata)
    .constdata                               0x08008568   Section        8  qnan.o(.constdata)
    .data                                    0x20000000   Section       20  main.o(.data)
    .data                                    0x20000014   Section       12  stm32f1xx_hal.o(.data)
    .data                                    0x20000020   Section        4  system_stm32f1xx.o(.data)
    .data                                    0x20000024   Section       44  inv_mpu.o(.data)
    st                                       0x20000024   Data          44  inv_mpu.o(.data)
    .data                                    0x20000050   Section        9  mpu6050_1.o(.data)
    gyro_orientation                         0x20000050   Data           9  mpu6050_1.o(.data)
    .data                                    0x2000005c   Section        4  stdout.o(.data)
    .data                                    0x20000060   Section        4  errno.o(.data)
    _errno                                   0x20000060   Data           4  errno.o(.data)
    .bss                                     0x20000064   Section     5040  main.o(.bss)
    .bss                                     0x20001414   Section      164  adc.o(.bss)
    .bss                                     0x200014b8   Section       84  i2c.o(.bss)
    .bss                                     0x2000150c   Section      208  usart.o(.bss)
    .bss                                     0x200015dc   Section       16  inv_mpu_dmp_motion_driver.o(.bss)
    dmp                                      0x200015dc   Data          16  inv_mpu_dmp_motion_driver.o(.bss)
    STACK                                    0x200015f0   Section     1024  startup_stm32f103xb.o(STACK)

    Global Symbols

    Symbol Name                              Value     Ov Type        Size  Object(Section)

    BuildAttributes$$THM_ISAv4$P$D$K$B$S$PE$A:L22UL41UL21$X:L11$S22US41US21$IEEE1$IW$USESV6$~STKCKD$USESV7$~SHL$OTIME$ROPI$IEEEX$EBA8$MICROLIB$REQ8$PRES8$EABIv2 0x00000000   Number         0  anon$$obj.o ABSOLUTE
    __ARM_use_no_argv                        0x00000000   Number         0  main.o ABSOLUTE
    _printf_a                                0x00000000   Number         0  stubs.o ABSOLUTE
    _printf_c                                0x00000000   Number         0  stubs.o ABSOLUTE
    _printf_charcount                        0x00000000   Number         0  stubs.o ABSOLUTE
    _printf_d                                0x00000000   Number         0  stubs.o ABSOLUTE
    _printf_e                                0x00000000   Number         0  stubs.o ABSOLUTE
    _printf_f                                0x00000000   Number         0  stubs.o ABSOLUTE
    _printf_flags                            0x00000000   Number         0  stubs.o ABSOLUTE
    _printf_fp_dec                           0x00000000   Number         0  stubs.o ABSOLUTE
    _printf_fp_hex                           0x00000000   Number         0  stubs.o ABSOLUTE
    _printf_g                                0x00000000   Number         0  stubs.o ABSOLUTE
    _printf_i                                0x00000000   Number         0  stubs.o ABSOLUTE
    _printf_int_dec                          0x00000000   Number         0  stubs.o ABSOLUTE
    _printf_l                                0x00000000   Number         0  stubs.o ABSOLUTE
    _printf_lc                               0x00000000   Number         0  stubs.o ABSOLUTE
    _printf_ll                               0x00000000   Number         0  stubs.o ABSOLUTE
    _printf_lld                              0x00000000   Number         0  stubs.o ABSOLUTE
    _printf_lli                              0x00000000   Number         0  stubs.o ABSOLUTE
    _printf_llo                              0x00000000   Number         0  stubs.o ABSOLUTE
    _printf_llu                              0x00000000   Number         0  stubs.o ABSOLUTE
    _printf_llx                              0x00000000   Number         0  stubs.o ABSOLUTE
    _printf_longlong_dec                     0x00000000   Number         0  stubs.o ABSOLUTE
    _printf_longlong_hex                     0x00000000   Number         0  stubs.o ABSOLUTE
    _printf_longlong_oct                     0x00000000   Number         0  stubs.o ABSOLUTE
    _printf_ls                               0x00000000   Number         0  stubs.o ABSOLUTE
    _printf_mbtowc                           0x00000000   Number         0  stubs.o ABSOLUTE
    _printf_n                                0x00000000   Number         0  stubs.o ABSOLUTE
    _printf_o                                0x00000000   Number         0  stubs.o ABSOLUTE
    _printf_p                                0x00000000   Number         0  stubs.o ABSOLUTE
    _printf_percent                          0x00000000   Number         0  stubs.o ABSOLUTE
    _printf_pre_padding                      0x00000000   Number         0  stubs.o ABSOLUTE
    _printf_return_value                     0x00000000   Number         0  stubs.o ABSOLUTE
    _printf_s                                0x00000000   Number         0  stubs.o ABSOLUTE
    _printf_sizespec                         0x00000000   Number         0  stubs.o ABSOLUTE
    _printf_str                              0x00000000   Number         0  stubs.o ABSOLUTE
    _printf_truncate_signed                  0x00000000   Number         0  stubs.o ABSOLUTE
    _printf_truncate_unsigned                0x00000000   Number         0  stubs.o ABSOLUTE
    _printf_u                                0x00000000   Number         0  stubs.o ABSOLUTE
    _printf_wc                               0x00000000   Number         0  stubs.o ABSOLUTE
    _printf_wctomb                           0x00000000   Number         0  stubs.o ABSOLUTE
    _printf_widthprec                        0x00000000   Number         0  stubs.o ABSOLUTE
    _printf_x                                0x00000000   Number         0  stubs.o ABSOLUTE
    __cpp_initialize__aeabi_                  - Undefined Weak Reference
    __cxa_finalize                            - Undefined Weak Reference
    __decompress                              - Undefined Weak Reference
    _clock_init                               - Undefined Weak Reference
    _microlib_exit                            - Undefined Weak Reference
    __Vectors_Size                           0x000000ec   Number         0  startup_stm32f103xb.o ABSOLUTE
    __Vectors                                0x08000000   Data           4  startup_stm32f103xb.o(RESET)
    __Vectors_End                            0x080000ec   Data           0  startup_stm32f103xb.o(RESET)
    __main                                   0x080000ed   Thumb Code     0  entry.o(.ARM.Collect$$$$00000000)
    _main_stk                                0x080000ed   Thumb Code     0  entry2.o(.ARM.Collect$$$$00000001)
    _main_scatterload                        0x080000f1   Thumb Code     0  entry5.o(.ARM.Collect$$$$00000004)
    __main_after_scatterload                 0x080000f5   Thumb Code     0  entry5.o(.ARM.Collect$$$$00000004)
    _main_clock                              0x080000f5   Thumb Code     0  entry7b.o(.ARM.Collect$$$$00000008)
    _main_cpp_init                           0x080000f5   Thumb Code     0  entry8b.o(.ARM.Collect$$$$0000000A)
    _main_init                               0x080000f5   Thumb Code     0  entry9a.o(.ARM.Collect$$$$0000000B)
    __rt_final_cpp                           0x080000fd   Thumb Code     0  entry10a.o(.ARM.Collect$$$$0000000D)
    __rt_final_exit                          0x080000fd   Thumb Code     0  entry11a.o(.ARM.Collect$$$$0000000F)
    Reset_Handler                            0x08000101   Thumb Code     8  startup_stm32f103xb.o(.text)
    ADC1_2_IRQHandler                        0x0800011b   Thumb Code     0  startup_stm32f103xb.o(.text)
    CAN1_RX1_IRQHandler                      0x0800011b   Thumb Code     0  startup_stm32f103xb.o(.text)
    CAN1_SCE_IRQHandler                      0x0800011b   Thumb Code     0  startup_stm32f103xb.o(.text)
    DMA1_Channel2_IRQHandler                 0x0800011b   Thumb Code     0  startup_stm32f103xb.o(.text)
    DMA1_Channel3_IRQHandler                 0x0800011b   Thumb Code     0  startup_stm32f103xb.o(.text)
    DMA1_Channel6_IRQHandler                 0x0800011b   Thumb Code     0  startup_stm32f103xb.o(.text)
    DMA1_Channel7_IRQHandler                 0x0800011b   Thumb Code     0  startup_stm32f103xb.o(.text)
    EXTI0_IRQHandler                         0x0800011b   Thumb Code     0  startup_stm32f103xb.o(.text)
    EXTI15_10_IRQHandler                     0x0800011b   Thumb Code     0  startup_stm32f103xb.o(.text)
    EXTI1_IRQHandler                         0x0800011b   Thumb Code     0  startup_stm32f103xb.o(.text)
    EXTI2_IRQHandler                         0x0800011b   Thumb Code     0  startup_stm32f103xb.o(.text)
    EXTI3_IRQHandler                         0x0800011b   Thumb Code     0  startup_stm32f103xb.o(.text)
    EXTI4_IRQHandler                         0x0800011b   Thumb Code     0  startup_stm32f103xb.o(.text)
    EXTI9_5_IRQHandler                       0x0800011b   Thumb Code     0  startup_stm32f103xb.o(.text)
    FLASH_IRQHandler                         0x0800011b   Thumb Code     0  startup_stm32f103xb.o(.text)
    I2C1_ER_IRQHandler                       0x0800011b   Thumb Code     0  startup_stm32f103xb.o(.text)
    I2C1_EV_IRQHandler                       0x0800011b   Thumb Code     0  startup_stm32f103xb.o(.text)
    I2C2_ER_IRQHandler                       0x0800011b   Thumb Code     0  startup_stm32f103xb.o(.text)
    I2C2_EV_IRQHandler                       0x0800011b   Thumb Code     0  startup_stm32f103xb.o(.text)
    PVD_IRQHandler                           0x0800011b   Thumb Code     0  startup_stm32f103xb.o(.text)
    RCC_IRQHandler                           0x0800011b   Thumb Code     0  startup_stm32f103xb.o(.text)
    RTC_Alarm_IRQHandler                     0x0800011b   Thumb Code     0  startup_stm32f103xb.o(.text)
    RTC_IRQHandler                           0x0800011b   Thumb Code     0  startup_stm32f103xb.o(.text)
    SPI1_IRQHandler                          0x0800011b   Thumb Code     0  startup_stm32f103xb.o(.text)
    SPI2_IRQHandler                          0x0800011b   Thumb Code     0  startup_stm32f103xb.o(.text)
    TAMPER_IRQHandler                        0x0800011b   Thumb Code     0  startup_stm32f103xb.o(.text)
    TIM1_BRK_IRQHandler                      0x0800011b   Thumb Code     0  startup_stm32f103xb.o(.text)
    TIM1_CC_IRQHandler                       0x0800011b   Thumb Code     0  startup_stm32f103xb.o(.text)
    TIM1_TRG_COM_IRQHandler                  0x0800011b   Thumb Code     0  startup_stm32f103xb.o(.text)
    TIM1_UP_IRQHandler                       0x0800011b   Thumb Code     0  startup_stm32f103xb.o(.text)
    TIM2_IRQHandler                          0x0800011b   Thumb Code     0  startup_stm32f103xb.o(.text)
    TIM3_IRQHandler                          0x0800011b   Thumb Code     0  startup_stm32f103xb.o(.text)
    TIM4_IRQHandler                          0x0800011b   Thumb Code     0  startup_stm32f103xb.o(.text)
    USART2_IRQHandler                        0x0800011b   Thumb Code     0  startup_stm32f103xb.o(.text)
    USART3_IRQHandler                        0x0800011b   Thumb Code     0  startup_stm32f103xb.o(.text)
    USBWakeUp_IRQHandler                     0x0800011b   Thumb Code     0  startup_stm32f103xb.o(.text)
    USB_HP_CAN1_TX_IRQHandler                0x0800011b   Thumb Code     0  startup_stm32f103xb.o(.text)
    USB_LP_CAN1_RX0_IRQHandler               0x0800011b   Thumb Code     0  startup_stm32f103xb.o(.text)
    WWDG_IRQHandler                          0x0800011b   Thumb Code     0  startup_stm32f103xb.o(.text)
    __aeabi_ldivmod                          0x08000125   Thumb Code    98  ldiv.o(.text)
    __aeabi_llsr                             0x08000187   Thumb Code    32  llushr.o(.text)
    _ll_ushift_r                             0x08000187   Thumb Code     0  llushr.o(.text)
    __aeabi_memset                           0x080001a7   Thumb Code    14  memseta.o(.text)
    __aeabi_memset4                          0x080001a7   Thumb Code     0  memseta.o(.text)
    __aeabi_memset8                          0x080001a7   Thumb Code     0  memseta.o(.text)
    __aeabi_memclr                           0x080001b5   Thumb Code     4  memseta.o(.text)
    __aeabi_memclr4                          0x080001b5   Thumb Code     0  memseta.o(.text)
    __aeabi_memclr8                          0x080001b5   Thumb Code     0  memseta.o(.text)
    _memset$wrapper                          0x080001b9   Thumb Code    18  memseta.o(.text)
    memcmp                                   0x080001cb   Thumb Code    26  memcmp.o(.text)
    __aeabi_fadd                             0x080001e5   Thumb Code   164  fadd.o(.text)
    __aeabi_fsub                             0x08000289   Thumb Code     6  fadd.o(.text)
    __aeabi_frsub                            0x0800028f   Thumb Code     6  fadd.o(.text)
    __aeabi_fmul                             0x08000295   Thumb Code   100  fmul.o(.text)
    __aeabi_fdiv                             0x080002f9   Thumb Code   124  fdiv.o(.text)
    __ARM_scalbnf                            0x08000375   Thumb Code    24  fscalb.o(.text)
    scalbnf                                  0x08000375   Thumb Code     0  fscalb.o(.text)
    __aeabi_dmul                             0x0800038d   Thumb Code   228  dmul.o(.text)
    __aeabi_i2f                              0x08000471   Thumb Code    18  fflti.o(.text)
    __aeabi_ui2f                             0x08000483   Thumb Code    10  ffltui.o(.text)
    __aeabi_f2iz                             0x0800048d   Thumb Code    50  ffixi.o(.text)
    __aeabi_f2uiz                            0x080004bf   Thumb Code    40  ffixui.o(.text)
    __aeabi_f2d                              0x080004e7   Thumb Code    38  f2d.o(.text)
    __aeabi_d2f                              0x0800050d   Thumb Code    56  d2f.o(.text)
    __aeabi_uidiv                            0x08000545   Thumb Code     0  uidiv.o(.text)
    __aeabi_uidivmod                         0x08000545   Thumb Code    44  uidiv.o(.text)
    __aeabi_uldivmod                         0x08000571   Thumb Code    98  uldiv.o(.text)
    __I$use$fp                               0x080005d3   Thumb Code     0  iusefp.o(.text)
    _float_round                             0x080005d3   Thumb Code    18  fepilogue.o(.text)
    _float_epilogue                          0x080005e5   Thumb Code    92  fepilogue.o(.text)
    _double_round                            0x08000641   Thumb Code    30  depilogue.o(.text)
    _double_epilogue                         0x0800065f   Thumb Code   156  depilogue.o(.text)
    __aeabi_dadd                             0x080006fb   Thumb Code   322  dadd.o(.text)
    __aeabi_dsub                             0x0800083d   Thumb Code     6  dadd.o(.text)
    __aeabi_drsub                            0x08000843   Thumb Code     6  dadd.o(.text)
    __aeabi_ddiv                             0x08000849   Thumb Code   222  ddiv.o(.text)
    __ARM_scalbn                             0x08000927   Thumb Code    46  dscalb.o(.text)
    scalbn                                   0x08000927   Thumb Code     0  dscalb.o(.text)
    _dsqrt                                   0x08000955   Thumb Code   162  dsqrt.o(.text)
    __aeabi_d2ulz                            0x080009f7   Thumb Code    48  dfixul.o(.text)
    __aeabi_cdrcmple                         0x08000a29   Thumb Code    48  cdrcmple.o(.text)
    __scatterload                            0x08000a59   Thumb Code    28  init.o(.text)
    __scatterload_rt2                        0x08000a59   Thumb Code     0  init.o(.text)
    __aeabi_llsl                             0x08000a7d   Thumb Code    30  llshl.o(.text)
    _ll_shift_l                              0x08000a7d   Thumb Code     0  llshl.o(.text)
    __aeabi_lasr                             0x08000a9b   Thumb Code    36  llsshr.o(.text)
    _ll_sshift_r                             0x08000a9b   Thumb Code     0  llsshr.o(.text)
    ADC_ConversionStop_Disable               0x08000ac1   Thumb Code    86  stm32f1xx_hal_adc.o(i.ADC_ConversionStop_Disable)
    ADC_DMAConvCplt                          0x08000b17   Thumb Code    78  stm32f1xx_hal_adc.o(i.ADC_DMAConvCplt)
    ADC_DMAError                             0x08000b65   Thumb Code    26  stm32f1xx_hal_adc.o(i.ADC_DMAError)
    ADC_DMAHalfConvCplt                      0x08000b7f   Thumb Code    10  stm32f1xx_hal_adc.o(i.ADC_DMAHalfConvCplt)
    ADC_Enable                               0x08000b89   Thumb Code   114  stm32f1xx_hal_adc.o(i.ADC_Enable)
    BusFault_Handler                         0x08000c05   Thumb Code     2  stm32f1xx_it.o(i.BusFault_Handler)
    DMA1_Channel1_IRQHandler                 0x08000c09   Thumb Code     6  stm32f1xx_it.o(i.DMA1_Channel1_IRQHandler)
    DMA1_Channel4_IRQHandler                 0x08000c15   Thumb Code     6  stm32f1xx_it.o(i.DMA1_Channel4_IRQHandler)
    DMA1_Channel5_IRQHandler                 0x08000c21   Thumb Code     6  stm32f1xx_it.o(i.DMA1_Channel5_IRQHandler)
    DebugMon_Handler                         0x08000c57   Thumb Code     2  stm32f1xx_it.o(i.DebugMon_Handler)
    Error_Handler                            0x08000c59   Thumb Code     4  main.o(i.Error_Handler)
    HAL_ADCEx_Calibration_Start              0x08000c5d   Thumb Code   210  stm32f1xx_hal_adc_ex.o(i.HAL_ADCEx_Calibration_Start)
    HAL_ADC_ConfigChannel                    0x08000d35   Thumb Code   240  stm32f1xx_hal_adc.o(i.HAL_ADC_ConfigChannel)
    HAL_ADC_ConvCpltCallback                 0x08000e31   Thumb Code     2  stm32f1xx_hal_adc.o(i.HAL_ADC_ConvCpltCallback)
    HAL_ADC_ConvHalfCpltCallback             0x08000e33   Thumb Code     2  stm32f1xx_hal_adc.o(i.HAL_ADC_ConvHalfCpltCallback)
    HAL_ADC_ErrorCallback                    0x08000e35   Thumb Code     2  stm32f1xx_hal_adc.o(i.HAL_ADC_ErrorCallback)
    HAL_ADC_Init                             0x08000e39   Thumb Code   272  stm32f1xx_hal_adc.o(i.HAL_ADC_Init)
    HAL_ADC_MspInit                          0x08000f55   Thumb Code   200  adc.o(i.HAL_ADC_MspInit)
    HAL_ADC_Start_DMA                        0x08001039   Thumb Code   246  stm32f1xx_hal_adc.o(i.HAL_ADC_Start_DMA)
    HAL_DMA_Abort                            0x08001145   Thumb Code    70  stm32f1xx_hal_dma.o(i.HAL_DMA_Abort)
    HAL_DMA_Abort_IT                         0x0800118d   Thumb Code   148  stm32f1xx_hal_dma.o(i.HAL_DMA_Abort_IT)
    HAL_DMA_IRQHandler                       0x08001225   Thumb Code   316  stm32f1xx_hal_dma.o(i.HAL_DMA_IRQHandler)
    HAL_DMA_Init                             0x08001379   Thumb Code    84  stm32f1xx_hal_dma.o(i.HAL_DMA_Init)
    HAL_DMA_Start_IT                         0x080013d5   Thumb Code   112  stm32f1xx_hal_dma.o(i.HAL_DMA_Start_IT)
    HAL_Delay                                0x08001445   Thumb Code    32  stm32f1xx_hal.o(i.HAL_Delay)
    HAL_GPIO_Init                            0x08001469   Thumb Code   446  stm32f1xx_hal_gpio.o(i.HAL_GPIO_Init)
    HAL_GPIO_WritePin                        0x08001649   Thumb Code    10  stm32f1xx_hal_gpio.o(i.HAL_GPIO_WritePin)
    HAL_GetTick                              0x08001655   Thumb Code     6  stm32f1xx_hal.o(i.HAL_GetTick)
    HAL_I2C_Init                             0x08001661   Thumb Code   376  stm32f1xx_hal_i2c.o(i.HAL_I2C_Init)
    HAL_I2C_Mem_Read                         0x080017e9   Thumb Code   574  stm32f1xx_hal_i2c.o(i.HAL_I2C_Mem_Read)
    HAL_I2C_Mem_Write                        0x08001a39   Thumb Code   294  stm32f1xx_hal_i2c.o(i.HAL_I2C_Mem_Write)
    HAL_I2C_MspInit                          0x08001b69   Thumb Code    80  i2c.o(i.HAL_I2C_MspInit)
    HAL_IncTick                              0x08001bc5   Thumb Code    12  stm32f1xx_hal.o(i.HAL_IncTick)
    HAL_Init                                 0x08001bd5   Thumb Code    32  stm32f1xx_hal.o(i.HAL_Init)
    HAL_InitTick                             0x08001bf9   Thumb Code    54  stm32f1xx_hal.o(i.HAL_InitTick)
    HAL_MspInit                              0x08001c39   Thumb Code    52  stm32f1xx_hal_msp.o(i.HAL_MspInit)
    HAL_NVIC_EnableIRQ                       0x08001c75   Thumb Code    26  stm32f1xx_hal_cortex.o(i.HAL_NVIC_EnableIRQ)
    HAL_NVIC_SetPriority                     0x08001c91   Thumb Code    60  stm32f1xx_hal_cortex.o(i.HAL_NVIC_SetPriority)
    HAL_NVIC_SetPriorityGrouping             0x08001cd1   Thumb Code    26  stm32f1xx_hal_cortex.o(i.HAL_NVIC_SetPriorityGrouping)
    HAL_RCCEx_GetPeriphCLKFreq               0x08001cf5   Thumb Code   148  stm32f1xx_hal_rcc_ex.o(i.HAL_RCCEx_GetPeriphCLKFreq)
    HAL_RCCEx_PeriphCLKConfig                0x08001d99   Thumb Code   224  stm32f1xx_hal_rcc_ex.o(i.HAL_RCCEx_PeriphCLKConfig)
    HAL_RCC_ClockConfig                      0x08001e85   Thumb Code   280  stm32f1xx_hal_rcc.o(i.HAL_RCC_ClockConfig)
    HAL_RCC_GetPCLK1Freq                     0x08001fb1   Thumb Code    20  stm32f1xx_hal_rcc.o(i.HAL_RCC_GetPCLK1Freq)
    HAL_RCC_GetPCLK2Freq                     0x08001fd1   Thumb Code    20  stm32f1xx_hal_rcc.o(i.HAL_RCC_GetPCLK2Freq)
    HAL_RCC_GetSysClockFreq                  0x08001ff1   Thumb Code    58  stm32f1xx_hal_rcc.o(i.HAL_RCC_GetSysClockFreq)
    HAL_RCC_OscConfig                        0x0800203d   Thumb Code   778  stm32f1xx_hal_rcc.o(i.HAL_RCC_OscConfig)
    HAL_SYSTICK_Config                       0x0800235d   Thumb Code    40  stm32f1xx_hal_cortex.o(i.HAL_SYSTICK_Config)
    HAL_UARTEx_RxEventCallback               0x08002385   Thumb Code     2  stm32f1xx_hal_uart.o(i.HAL_UARTEx_RxEventCallback)
    HAL_UART_ErrorCallback                   0x08002387   Thumb Code     2  stm32f1xx_hal_uart.o(i.HAL_UART_ErrorCallback)
    HAL_UART_IRQHandler                      0x08002389   Thumb Code   616  stm32f1xx_hal_uart.o(i.HAL_UART_IRQHandler)
    HAL_UART_Init                            0x080025f5   Thumb Code   100  stm32f1xx_hal_uart.o(i.HAL_UART_Init)
    HAL_UART_MspInit                         0x08002659   Thumb Code   200  usart.o(i.HAL_UART_MspInit)
    HAL_UART_Receive_IT                      0x08002735   Thumb Code    28  stm32f1xx_hal_uart.o(i.HAL_UART_Receive_IT)
    HAL_UART_RxCpltCallback                  0x08002751   Thumb Code   114  main.o(i.HAL_UART_RxCpltCallback)
    HAL_UART_Transmit                        0x080027d1   Thumb Code   154  stm32f1xx_hal_uart.o(i.HAL_UART_Transmit)
    HAL_UART_TxCpltCallback                  0x0800286b   Thumb Code     2  stm32f1xx_hal_uart.o(i.HAL_UART_TxCpltCallback)
    HardFault_Handler                        0x0800286d   Thumb Code     2  stm32f1xx_it.o(i.HardFault_Handler)
    MPU6050_DMP_Get_Date                     0x08002cad   Thumb Code   406  mpu6050_1.o(i.MPU6050_DMP_Get_Date)
    MPU6050_DMP_init                         0x08002e49   Thumb Code   172  mpu6050_1.o(i.MPU6050_DMP_init)
    MX_ADC1_Init                             0x08002ef9   Thumb Code   250  adc.o(i.MX_ADC1_Init)
    MX_ADC2_Init                             0x08002ffd   Thumb Code    92  adc.o(i.MX_ADC2_Init)
    MX_DMA_Init                              0x08003061   Thumb Code    72  dma.o(i.MX_DMA_Init)
    MX_GPIO_Init                             0x080030ad   Thumb Code   120  gpio.o(i.MX_GPIO_Init)
    MX_I2C1_Init                             0x0800312d   Thumb Code    50  i2c.o(i.MX_I2C1_Init)
    MX_USART1_UART_Init                      0x0800316d   Thumb Code    48  usart.o(i.MX_USART1_UART_Init)
    MemManage_Handler                        0x080031a5   Thumb Code     2  stm32f1xx_it.o(i.MemManage_Handler)
    NMI_Handler                              0x080031a7   Thumb Code     2  stm32f1xx_it.o(i.NMI_Handler)
    PendSV_Handler                           0x080031a9   Thumb Code     2  stm32f1xx_it.o(i.PendSV_Handler)
    SVC_Handler                              0x080031ab   Thumb Code     2  stm32f1xx_it.o(i.SVC_Handler)
    SysTick_Handler                          0x080031ad   Thumb Code     4  stm32f1xx_it.o(i.SysTick_Handler)
    SystemClock_Config                       0x080031b1   Thumb Code   116  main.o(i.SystemClock_Config)
    SystemInit                               0x08003225   Thumb Code     2  system_stm32f1xx.o(i.SystemInit)
    UART_Start_Receive_IT                    0x08003401   Thumb Code    54  stm32f1xx_hal_uart.o(i.UART_Start_Receive_IT)
    USART1_IRQHandler                        0x080034b1   Thumb Code     6  stm32f1xx_it.o(i.USART1_IRQHandler)
    UsageFault_Handler                       0x080034bd   Thumb Code     2  stm32f1xx_it.o(i.UsageFault_Handler)
    __0printf                                0x080034c1   Thumb Code    22  printfa.o(i.__0printf)
    __1printf                                0x080034c1   Thumb Code     0  printfa.o(i.__0printf)
    __2printf                                0x080034c1   Thumb Code     0  printfa.o(i.__0printf)
    __c89printf                              0x080034c1   Thumb Code     0  printfa.o(i.__0printf)
    printf                                   0x080034c1   Thumb Code     0  printfa.o(i.__0printf)
    __ARM_fpclassify                         0x080034e1   Thumb Code    40  fpclassify.o(i.__ARM_fpclassify)
    __kernel_poly                            0x08003529   Thumb Code   170  poly.o(i.__kernel_poly)
    __mathlib_dbl_infnan                     0x080035d3   Thumb Code     6  dunder.o(i.__mathlib_dbl_infnan)
    __mathlib_dbl_infnan2                    0x080035d9   Thumb Code     4  dunder.o(i.__mathlib_dbl_infnan2)
    __mathlib_dbl_invalid                    0x080035dd   Thumb Code    12  dunder.o(i.__mathlib_dbl_invalid)
    __mathlib_dbl_underflow                  0x080035e9   Thumb Code    10  dunder.o(i.__mathlib_dbl_underflow)
    __scatterload_copy                       0x080035f9   Thumb Code    14  handlers.o(i.__scatterload_copy)
    __scatterload_null                       0x08003607   Thumb Code     2  handlers.o(i.__scatterload_null)
    __scatterload_zeroinit                   0x08003609   Thumb Code    14  handlers.o(i.__scatterload_zeroinit)
    __set_errno                              0x08003619   Thumb Code     6  errno.o(i.__set_errno)
    asin                                     0x08003f59   Thumb Code   572  asin.o(i.asin)
    atan                                     0x080041c9   Thumb Code   474  atan.o(i.atan)
    atan2                                    0x080043e9   Thumb Code   346  atan2.o(i.atan2)
    dmp_enable_6x_lp_quat                    0x08004569   Thumb Code    58  inv_mpu_dmp_motion_driver.o(i.dmp_enable_6x_lp_quat)
    dmp_enable_feature                       0x080045a5   Thumb Code   464  inv_mpu_dmp_motion_driver.o(i.dmp_enable_feature)
    dmp_enable_gyro_cal                      0x0800477d   Thumb Code    34  inv_mpu_dmp_motion_driver.o(i.dmp_enable_gyro_cal)
    dmp_enable_lp_quat                       0x080047b9   Thumb Code    58  inv_mpu_dmp_motion_driver.o(i.dmp_enable_lp_quat)
    dmp_load_motion_driver_firmware          0x080047f5   Thumb Code    16  inv_mpu_dmp_motion_driver.o(i.dmp_load_motion_driver_firmware)
    dmp_read_fifo                            0x08004809   Thumb Code   322  inv_mpu_dmp_motion_driver.o(i.dmp_read_fifo)
    dmp_set_accel_bias                       0x08004951   Thumb Code   212  inv_mpu_dmp_motion_driver.o(i.dmp_set_accel_bias)
    dmp_set_fifo_rate                        0x08004a29   Thumb Code    82  inv_mpu_dmp_motion_driver.o(i.dmp_set_fifo_rate)
    dmp_set_gyro_bias                        0x08004a8d   Thumb Code   196  inv_mpu_dmp_motion_driver.o(i.dmp_set_gyro_bias)
    dmp_set_orientation                      0x08004b59   Thumb Code   246  inv_mpu_dmp_motion_driver.o(i.dmp_set_orientation)
    dmp_set_shake_reject_thresh              0x08004c65   Thumb Code    48  inv_mpu_dmp_motion_driver.o(i.dmp_set_shake_reject_thresh)
    dmp_set_shake_reject_time                0x08004c95   Thumb Code    32  inv_mpu_dmp_motion_driver.o(i.dmp_set_shake_reject_time)
    dmp_set_shake_reject_timeout             0x08004cb5   Thumb Code    32  inv_mpu_dmp_motion_driver.o(i.dmp_set_shake_reject_timeout)
    dmp_set_tap_axes                         0x08004cd5   Thumb Code    64  inv_mpu_dmp_motion_driver.o(i.dmp_set_tap_axes)
    dmp_set_tap_count                        0x08004d15   Thumb Code    34  inv_mpu_dmp_motion_driver.o(i.dmp_set_tap_count)
    dmp_set_tap_thresh                       0x08004d39   Thumb Code   274  inv_mpu_dmp_motion_driver.o(i.dmp_set_tap_thresh)
    dmp_set_tap_time                         0x08004e61   Thumb Code    32  inv_mpu_dmp_motion_driver.o(i.dmp_set_tap_time)
    dmp_set_tap_time_multi                   0x08004e81   Thumb Code    32  inv_mpu_dmp_motion_driver.o(i.dmp_set_tap_time_multi)
    fputc                                    0x08004ea1   Thumb Code    20  usart.o(i.fputc)
    main                                     0x08005499   Thumb Code  5258  main.o(i.main)
    mpu_configure_fifo                       0x08006929   Thumb Code    78  inv_mpu.o(i.mpu_configure_fifo)
    mpu_get_accel_fsr                        0x0800697d   Thumb Code    54  inv_mpu.o(i.mpu_get_accel_fsr)
    mpu_get_accel_sens                       0x080069b9   Thumb Code    62  inv_mpu.o(i.mpu_get_accel_sens)
    mpu_get_gyro_fsr                         0x080069fd   Thumb Code    48  inv_mpu.o(i.mpu_get_gyro_fsr)
    mpu_get_gyro_sens                        0x08006a31   Thumb Code    44  inv_mpu.o(i.mpu_get_gyro_sens)
    mpu_get_lpf                              0x08006a71   Thumb Code    52  inv_mpu.o(i.mpu_get_lpf)
    mpu_get_sample_rate                      0x08006aa9   Thumb Code    22  inv_mpu.o(i.mpu_get_sample_rate)
    mpu_init                                 0x08006ac5   Thumb Code   210  inv_mpu.o(i.mpu_init)
    mpu_load_firmware                        0x08006ba1   Thumb Code   166  inv_mpu.o(i.mpu_load_firmware)
    mpu_lp_accel_mode                        0x08006c51   Thumb Code   204  inv_mpu.o(i.mpu_lp_accel_mode)
    mpu_read_fifo_stream                     0x08006d25   Thumb Code   182  inv_mpu.o(i.mpu_read_fifo_stream)
    mpu_read_mem                             0x08006de5   Thumb Code   106  inv_mpu.o(i.mpu_read_mem)
    mpu_reset_fifo                           0x08006e59   Thumb Code   438  inv_mpu.o(i.mpu_reset_fifo)
    mpu_run_self_test                        0x08007019   Thumb Code   234  inv_mpu.o(i.mpu_run_self_test)
    mpu_set_accel_fsr                        0x08007109   Thumb Code   112  inv_mpu.o(i.mpu_set_accel_fsr)
    mpu_set_bypass                           0x08007181   Thumb Code   302  inv_mpu.o(i.mpu_set_bypass)
    mpu_set_dmp_state                        0x080072b9   Thumb Code   140  inv_mpu.o(i.mpu_set_dmp_state)
    mpu_set_gyro_fsr                         0x0800734d   Thumb Code   118  inv_mpu.o(i.mpu_set_gyro_fsr)
    mpu_set_int_latched                      0x080073cd   Thumb Code   108  inv_mpu.o(i.mpu_set_int_latched)
    mpu_set_lpf                              0x08007441   Thumb Code   120  inv_mpu.o(i.mpu_set_lpf)
    mpu_set_sample_rate                      0x080074c1   Thumb Code   142  inv_mpu.o(i.mpu_set_sample_rate)
    mpu_set_sensors                          0x08007559   Thumb Code   212  inv_mpu.o(i.mpu_set_sensors)
    mpu_write_mem                            0x08007635   Thumb Code   106  inv_mpu.o(i.mpu_write_mem)
    sqrt                                     0x080077a9   Thumb Code    76  sqrt.o(i.sqrt)
    AHBPrescTable                            0x08007818   Data          16  system_stm32f1xx.o(.constdata)
    APBPrescTable                            0x08007828   Data           8  system_stm32f1xx.o(.constdata)
    reg                                      0x08007830   Data          30  inv_mpu.o(.constdata)
    hw                                       0x0800784e   Data          12  inv_mpu.o(.constdata)
    test                                     0x0800785c   Data          40  inv_mpu.o(.constdata)
    __mathlib_zero                           0x08008568   Data           8  qnan.o(.constdata)
    Region$$Table$$Base                      0x08008570   Number         0  anon$$obj.o(Region$$Table)
    Region$$Table$$Limit                     0x08008590   Number         0  anon$$obj.o(Region$$Table)
    singalset                                0x20000000   Data           1  main.o(.data)
    C1512set                                 0x20000001   Data           1  main.o(.data)
    C118set                                  0x20000002   Data           1  main.o(.data)
    RxBuff                                   0x20000003   Data           1  main.o(.data)
    RxLine                                   0x20000004   Data           4  main.o(.data)
    pitch                                    0x20000008   Data           4  main.o(.data)
    yaw                                      0x2000000c   Data           4  main.o(.data)
    roll                                     0x20000010   Data           4  main.o(.data)
    uwTickFreq                               0x20000014   Data           1  stm32f1xx_hal.o(.data)
    uwTickPrio                               0x20000018   Data           4  stm32f1xx_hal.o(.data)
    uwTick                                   0x2000001c   Data           4  stm32f1xx_hal.o(.data)
    SystemCoreClock                          0x20000020   Data           4  system_stm32f1xx.o(.data)
    __stdout                                 0x2000005c   Data           4  stdout.o(.data)
    ADC_Values                               0x20000064   Data          40  main.o(.bss)
    DataBuff                                 0x2000008c   Data        5000  main.o(.bss)
    hadc1                                    0x20001414   Data          48  adc.o(.bss)
    hadc2                                    0x20001444   Data          48  adc.o(.bss)
    hdma_adc1                                0x20001474   Data          68  adc.o(.bss)
    hi2c1                                    0x200014b8   Data          84  i2c.o(.bss)
    huart1                                   0x2000150c   Data          72  usart.o(.bss)
    hdma_usart1_rx                           0x20001554   Data          68  usart.o(.bss)
    hdma_usart1_tx                           0x20001598   Data          68  usart.o(.bss)
    __initial_sp                             0x200019f0   Data           0  startup_stm32f103xb.o(STACK)



==============================================================================

Memory Map of the image

  Image Entry point : 0x080000ed

  Load Region LR_IROM1 (Base: 0x08000000, Size: 0x000085f4, Max: 0x00010000, ABSOLUTE)

    Execution Region ER_IROM1 (Exec base: 0x08000000, Load base: 0x08000000, Size: 0x00008590, Max: 0x00010000, ABSOLUTE)

    Exec Addr    Load Addr    Size         Type   Attr      Idx    E Section Name        Object

    0x08000000   0x08000000   0x000000ec   Data   RO            3    RESET               startup_stm32f103xb.o
    0x080000ec   0x080000ec   0x00000000   Code   RO         3572  * .ARM.Collect$$$$00000000  mc_w.l(entry.o)
    0x080000ec   0x080000ec   0x00000004   Code   RO         3897    .ARM.Collect$$$$00000001  mc_w.l(entry2.o)
    0x080000f0   0x080000f0   0x00000004   Code   RO         3900    .ARM.Collect$$$$00000004  mc_w.l(entry5.o)
    0x080000f4   0x080000f4   0x00000000   Code   RO         3902    .ARM.Collect$$$$00000008  mc_w.l(entry7b.o)
    0x080000f4   0x080000f4   0x00000000   Code   RO         3904    .ARM.Collect$$$$0000000A  mc_w.l(entry8b.o)
    0x080000f4   0x080000f4   0x00000008   Code   RO         3905    .ARM.Collect$$$$0000000B  mc_w.l(entry9a.o)
    0x080000fc   0x080000fc   0x00000000   Code   RO         3907    .ARM.Collect$$$$0000000D  mc_w.l(entry10a.o)
    0x080000fc   0x080000fc   0x00000000   Code   RO         3909    .ARM.Collect$$$$0000000F  mc_w.l(entry11a.o)
    0x080000fc   0x080000fc   0x00000004   Code   RO         3898    .ARM.Collect$$$$00002712  mc_w.l(entry2.o)
    0x08000100   0x08000100   0x00000024   Code   RO            4    .text               startup_stm32f103xb.o
    0x08000124   0x08000124   0x00000062   Code   RO         3575    .text               mc_w.l(ldiv.o)
    0x08000186   0x08000186   0x00000020   Code   RO         3577    .text               mc_w.l(llushr.o)
    0x080001a6   0x080001a6   0x00000024   Code   RO         3579    .text               mc_w.l(memseta.o)
    0x080001ca   0x080001ca   0x0000001a   Code   RO         3581    .text               mc_w.l(memcmp.o)
    0x080001e4   0x080001e4   0x000000b0   Code   RO         3844    .text               mf_w.l(fadd.o)
    0x08000294   0x08000294   0x00000064   Code   RO         3846    .text               mf_w.l(fmul.o)
    0x080002f8   0x080002f8   0x0000007c   Code   RO         3848    .text               mf_w.l(fdiv.o)
    0x08000374   0x08000374   0x00000018   Code   RO         3850    .text               mf_w.l(fscalb.o)
    0x0800038c   0x0800038c   0x000000e4   Code   RO         3852    .text               mf_w.l(dmul.o)
    0x08000470   0x08000470   0x00000012   Code   RO         3854    .text               mf_w.l(fflti.o)
    0x08000482   0x08000482   0x0000000a   Code   RO         3856    .text               mf_w.l(ffltui.o)
    0x0800048c   0x0800048c   0x00000032   Code   RO         3858    .text               mf_w.l(ffixi.o)
    0x080004be   0x080004be   0x00000028   Code   RO         3860    .text               mf_w.l(ffixui.o)
    0x080004e6   0x080004e6   0x00000026   Code   RO         3862    .text               mf_w.l(f2d.o)
    0x0800050c   0x0800050c   0x00000038   Code   RO         3864    .text               mf_w.l(d2f.o)
    0x08000544   0x08000544   0x0000002c   Code   RO         3912    .text               mc_w.l(uidiv.o)
    0x08000570   0x08000570   0x00000062   Code   RO         3914    .text               mc_w.l(uldiv.o)
    0x080005d2   0x080005d2   0x00000000   Code   RO         3923    .text               mc_w.l(iusefp.o)
    0x080005d2   0x080005d2   0x0000006e   Code   RO         3924    .text               mf_w.l(fepilogue.o)
    0x08000640   0x08000640   0x000000ba   Code   RO         3926    .text               mf_w.l(depilogue.o)
    0x080006fa   0x080006fa   0x0000014e   Code   RO         3928    .text               mf_w.l(dadd.o)
    0x08000848   0x08000848   0x000000de   Code   RO         3930    .text               mf_w.l(ddiv.o)
    0x08000926   0x08000926   0x0000002e   Code   RO         3932    .text               mf_w.l(dscalb.o)
    0x08000954   0x08000954   0x000000a2   Code   RO         3934    .text               mf_w.l(dsqrt.o)
    0x080009f6   0x080009f6   0x00000030   Code   RO         3936    .text               mf_w.l(dfixul.o)
    0x08000a26   0x08000a26   0x00000002   PAD
    0x08000a28   0x08000a28   0x00000030   Code   RO         3940    .text               mf_w.l(cdrcmple.o)
    0x08000a58   0x08000a58   0x00000024   Code   RO         3942    .text               mc_w.l(init.o)
    0x08000a7c   0x08000a7c   0x0000001e   Code   RO         3944    .text               mc_w.l(llshl.o)
    0x08000a9a   0x08000a9a   0x00000024   Code   RO         3946    .text               mc_w.l(llsshr.o)
    0x08000abe   0x08000abe   0x00000002   PAD
    0x08000ac0   0x08000ac0   0x00000056   Code   RO          863    i.ADC_ConversionStop_Disable  stm32f1xx_hal_adc.o
    0x08000b16   0x08000b16   0x0000004e   Code   RO          864    i.ADC_DMAConvCplt   stm32f1xx_hal_adc.o
    0x08000b64   0x08000b64   0x0000001a   Code   RO          865    i.ADC_DMAError      stm32f1xx_hal_adc.o
    0x08000b7e   0x08000b7e   0x0000000a   Code   RO          866    i.ADC_DMAHalfConvCplt  stm32f1xx_hal_adc.o
    0x08000b88   0x08000b88   0x0000007c   Code   RO          867    i.ADC_Enable        stm32f1xx_hal_adc.o
    0x08000c04   0x08000c04   0x00000002   Code   RO          703    i.BusFault_Handler  stm32f1xx_it.o
    0x08000c06   0x08000c06   0x00000002   PAD
    0x08000c08   0x08000c08   0x0000000c   Code   RO          704    i.DMA1_Channel1_IRQHandler  stm32f1xx_it.o
    0x08000c14   0x08000c14   0x0000000c   Code   RO          705    i.DMA1_Channel4_IRQHandler  stm32f1xx_it.o
    0x08000c20   0x08000c20   0x0000000c   Code   RO          706    i.DMA1_Channel5_IRQHandler  stm32f1xx_it.o
    0x08000c2c   0x08000c2c   0x0000002a   Code   RO         1519    i.DMA_SetConfig     stm32f1xx_hal_dma.o
    0x08000c56   0x08000c56   0x00000002   Code   RO          707    i.DebugMon_Handler  stm32f1xx_it.o
    0x08000c58   0x08000c58   0x00000004   Code   RO          443    i.Error_Handler     main.o
    0x08000c5c   0x08000c5c   0x000000d8   Code   RO         1043    i.HAL_ADCEx_Calibration_Start  stm32f1xx_hal_adc_ex.o
    0x08000d34   0x08000d34   0x000000fc   Code   RO          869    i.HAL_ADC_ConfigChannel  stm32f1xx_hal_adc.o
    0x08000e30   0x08000e30   0x00000002   Code   RO          870    i.HAL_ADC_ConvCpltCallback  stm32f1xx_hal_adc.o
    0x08000e32   0x08000e32   0x00000002   Code   RO          871    i.HAL_ADC_ConvHalfCpltCallback  stm32f1xx_hal_adc.o
    0x08000e34   0x08000e34   0x00000002   Code   RO          873    i.HAL_ADC_ErrorCallback  stm32f1xx_hal_adc.o
    0x08000e36   0x08000e36   0x00000002   PAD
    0x08000e38   0x08000e38   0x0000011c   Code   RO          878    i.HAL_ADC_Init      stm32f1xx_hal_adc.o
    0x08000f54   0x08000f54   0x000000e4   Code   RO          542    i.HAL_ADC_MspInit   adc.o
    0x08001038   0x08001038   0x0000010c   Code   RO          885    i.HAL_ADC_Start_DMA  stm32f1xx_hal_adc.o
    0x08001144   0x08001144   0x00000046   Code   RO         1520    i.HAL_DMA_Abort     stm32f1xx_hal_dma.o
    0x0800118a   0x0800118a   0x00000002   PAD
    0x0800118c   0x0800118c   0x00000098   Code   RO         1521    i.HAL_DMA_Abort_IT  stm32f1xx_hal_dma.o
    0x08001224   0x08001224   0x00000154   Code   RO         1525    i.HAL_DMA_IRQHandler  stm32f1xx_hal_dma.o
    0x08001378   0x08001378   0x0000005c   Code   RO         1526    i.HAL_DMA_Init      stm32f1xx_hal_dma.o
    0x080013d4   0x080013d4   0x00000070   Code   RO         1530    i.HAL_DMA_Start_IT  stm32f1xx_hal_dma.o
    0x08001444   0x08001444   0x00000024   Code   RO         1146    i.HAL_Delay         stm32f1xx_hal.o
    0x08001468   0x08001468   0x000001e0   Code   RO         1456    i.HAL_GPIO_Init     stm32f1xx_hal_gpio.o
    0x08001648   0x08001648   0x0000000a   Code   RO         1460    i.HAL_GPIO_WritePin  stm32f1xx_hal_gpio.o
    0x08001652   0x08001652   0x00000002   PAD
    0x08001654   0x08001654   0x0000000c   Code   RO         1150    i.HAL_GetTick       stm32f1xx_hal.o
    0x08001660   0x08001660   0x00000188   Code   RO         2127    i.HAL_I2C_Init      stm32f1xx_hal_i2c.o
    0x080017e8   0x080017e8   0x00000250   Code   RO         2145    i.HAL_I2C_Mem_Read  stm32f1xx_hal_i2c.o
    0x08001a38   0x08001a38   0x00000130   Code   RO         2148    i.HAL_I2C_Mem_Write  stm32f1xx_hal_i2c.o
    0x08001b68   0x08001b68   0x0000005c   Code   RO          614    i.HAL_I2C_MspInit   i2c.o
    0x08001bc4   0x08001bc4   0x00000010   Code   RO         1156    i.HAL_IncTick       stm32f1xx_hal.o
    0x08001bd4   0x08001bd4   0x00000024   Code   RO         1157    i.HAL_Init          stm32f1xx_hal.o
    0x08001bf8   0x08001bf8   0x00000040   Code   RO         1158    i.HAL_InitTick      stm32f1xx_hal.o
    0x08001c38   0x08001c38   0x0000003c   Code   RO          803    i.HAL_MspInit       stm32f1xx_hal_msp.o
    0x08001c74   0x08001c74   0x0000001a   Code   RO         1616    i.HAL_NVIC_EnableIRQ  stm32f1xx_hal_cortex.o
    0x08001c8e   0x08001c8e   0x00000002   PAD
    0x08001c90   0x08001c90   0x00000040   Code   RO         1622    i.HAL_NVIC_SetPriority  stm32f1xx_hal_cortex.o
    0x08001cd0   0x08001cd0   0x00000024   Code   RO         1623    i.HAL_NVIC_SetPriorityGrouping  stm32f1xx_hal_cortex.o
    0x08001cf4   0x08001cf4   0x000000a4   Code   RO         1417    i.HAL_RCCEx_GetPeriphCLKFreq  stm32f1xx_hal_rcc_ex.o
    0x08001d98   0x08001d98   0x000000ec   Code   RO         1418    i.HAL_RCCEx_PeriphCLKConfig  stm32f1xx_hal_rcc_ex.o
    0x08001e84   0x08001e84   0x0000012c   Code   RO         1314    i.HAL_RCC_ClockConfig  stm32f1xx_hal_rcc.o
    0x08001fb0   0x08001fb0   0x00000020   Code   RO         1321    i.HAL_RCC_GetPCLK1Freq  stm32f1xx_hal_rcc.o
    0x08001fd0   0x08001fd0   0x00000020   Code   RO         1322    i.HAL_RCC_GetPCLK2Freq  stm32f1xx_hal_rcc.o
    0x08001ff0   0x08001ff0   0x0000004c   Code   RO         1323    i.HAL_RCC_GetSysClockFreq  stm32f1xx_hal_rcc.o
    0x0800203c   0x0800203c   0x00000320   Code   RO         1326    i.HAL_RCC_OscConfig  stm32f1xx_hal_rcc.o
    0x0800235c   0x0800235c   0x00000028   Code   RO         1627    i.HAL_SYSTICK_Config  stm32f1xx_hal_cortex.o
    0x08002384   0x08002384   0x00000002   Code   RO         2601    i.HAL_UARTEx_RxEventCallback  stm32f1xx_hal_uart.o
    0x08002386   0x08002386   0x00000002   Code   RO         2615    i.HAL_UART_ErrorCallback  stm32f1xx_hal_uart.o
    0x08002388   0x08002388   0x0000026c   Code   RO         2618    i.HAL_UART_IRQHandler  stm32f1xx_hal_uart.o
    0x080025f4   0x080025f4   0x00000064   Code   RO         2619    i.HAL_UART_Init     stm32f1xx_hal_uart.o
    0x08002658   0x08002658   0x000000dc   Code   RO          656    i.HAL_UART_MspInit  usart.o
    0x08002734   0x08002734   0x0000001c   Code   RO         2624    i.HAL_UART_Receive_IT  stm32f1xx_hal_uart.o
    0x08002750   0x08002750   0x00000080   Code   RO          444    i.HAL_UART_RxCpltCallback  main.o
    0x080027d0   0x080027d0   0x0000009a   Code   RO         2627    i.HAL_UART_Transmit  stm32f1xx_hal_uart.o
    0x0800286a   0x0800286a   0x00000002   Code   RO         2630    i.HAL_UART_TxCpltCallback  stm32f1xx_hal_uart.o
    0x0800286c   0x0800286c   0x00000002   Code   RO          708    i.HardFault_Handler  stm32f1xx_it.o
    0x0800286e   0x0800286e   0x0000002e   Code   RO         2170    i.I2C_IsAcknowledgeFailed  stm32f1xx_hal_i2c.o
    0x0800289c   0x0800289c   0x000000fc   Code   RO         2180    i.I2C_RequestMemoryRead  stm32f1xx_hal_i2c.o
    0x08002998   0x08002998   0x000000a8   Code   RO         2181    i.I2C_RequestMemoryWrite  stm32f1xx_hal_i2c.o
    0x08002a40   0x08002a40   0x00000056   Code   RO         2185    i.I2C_WaitOnBTFFlagUntilTimeout  stm32f1xx_hal_i2c.o
    0x08002a96   0x08002a96   0x00000002   PAD
    0x08002a98   0x08002a98   0x00000090   Code   RO         2186    i.I2C_WaitOnFlagUntilTimeout  stm32f1xx_hal_i2c.o
    0x08002b28   0x08002b28   0x000000bc   Code   RO         2187    i.I2C_WaitOnMasterAddressFlagUntilTimeout  stm32f1xx_hal_i2c.o
    0x08002be4   0x08002be4   0x00000070   Code   RO         2188    i.I2C_WaitOnRXNEFlagUntilTimeout  stm32f1xx_hal_i2c.o
    0x08002c54   0x08002c54   0x00000056   Code   RO         2189    i.I2C_WaitOnTXEFlagUntilTimeout  stm32f1xx_hal_i2c.o
    0x08002caa   0x08002caa   0x00000002   PAD
    0x08002cac   0x08002cac   0x0000019c   Code   RO         3516    i.MPU6050_DMP_Get_Date  mpu6050_1.o
    0x08002e48   0x08002e48   0x000000b0   Code   RO         3517    i.MPU6050_DMP_init  mpu6050_1.o
    0x08002ef8   0x08002ef8   0x00000104   Code   RO          543    i.MX_ADC1_Init      adc.o
    0x08002ffc   0x08002ffc   0x00000064   Code   RO          544    i.MX_ADC2_Init      adc.o
    0x08003060   0x08003060   0x0000004c   Code   RO          589    i.MX_DMA_Init       dma.o
    0x080030ac   0x080030ac   0x00000080   Code   RO          517    i.MX_GPIO_Init      gpio.o
    0x0800312c   0x0800312c   0x00000040   Code   RO          615    i.MX_I2C1_Init      i2c.o
    0x0800316c   0x0800316c   0x00000038   Code   RO          657    i.MX_USART1_UART_Init  usart.o
    0x080031a4   0x080031a4   0x00000002   Code   RO          709    i.MemManage_Handler  stm32f1xx_it.o
    0x080031a6   0x080031a6   0x00000002   Code   RO          710    i.NMI_Handler       stm32f1xx_it.o
    0x080031a8   0x080031a8   0x00000002   Code   RO          711    i.PendSV_Handler    stm32f1xx_it.o
    0x080031aa   0x080031aa   0x00000002   Code   RO          712    i.SVC_Handler       stm32f1xx_it.o
    0x080031ac   0x080031ac   0x00000004   Code   RO          713    i.SysTick_Handler   stm32f1xx_it.o
    0x080031b0   0x080031b0   0x00000074   Code   RO          445    i.SystemClock_Config  main.o
    0x08003224   0x08003224   0x00000002   Code   RO         2953    i.SystemInit        system_stm32f1xx.o
    0x08003226   0x08003226   0x00000010   Code   RO         2632    i.UART_DMAAbortOnError  stm32f1xx_hal_uart.o
    0x08003236   0x08003236   0x0000004e   Code   RO         2642    i.UART_EndRxTransfer  stm32f1xx_hal_uart.o
    0x08003284   0x08003284   0x000000c2   Code   RO         2644    i.UART_Receive_IT   stm32f1xx_hal_uart.o
    0x08003346   0x08003346   0x00000002   PAD
    0x08003348   0x08003348   0x000000b8   Code   RO         2645    i.UART_SetConfig    stm32f1xx_hal_uart.o
    0x08003400   0x08003400   0x00000036   Code   RO         2647    i.UART_Start_Receive_IT  stm32f1xx_hal_uart.o
    0x08003436   0x08003436   0x00000078   Code   RO         2648    i.UART_WaitOnFlagUntilTimeout  stm32f1xx_hal_uart.o
    0x080034ae   0x080034ae   0x00000002   PAD
    0x080034b0   0x080034b0   0x0000000c   Code   RO          714    i.USART1_IRQHandler  stm32f1xx_it.o
    0x080034bc   0x080034bc   0x00000002   Code   RO          715    i.UsageFault_Handler  stm32f1xx_it.o
    0x080034be   0x080034be   0x00000002   PAD
    0x080034c0   0x080034c0   0x00000020   Code   RO         3816    i.__0printf         mc_w.l(printfa.o)
    0x080034e0   0x080034e0   0x00000028   Code   RO         3892    i.__ARM_fpclassify  m_ws.l(fpclassify.o)
    0x08003508   0x08003508   0x00000020   Code   RO         1629    i.__NVIC_SetPriority  stm32f1xx_hal_cortex.o
    0x08003528   0x08003528   0x000000aa   Code   RO         3894    i.__kernel_poly     m_ws.l(poly.o)
    0x080035d2   0x080035d2   0x00000006   Code   RO         3879    i.__mathlib_dbl_infnan  m_ws.l(dunder.o)
    0x080035d8   0x080035d8   0x00000004   Code   RO         3880    i.__mathlib_dbl_infnan2  m_ws.l(dunder.o)
    0x080035dc   0x080035dc   0x0000000c   Code   RO         3881    i.__mathlib_dbl_invalid  m_ws.l(dunder.o)
    0x080035e8   0x080035e8   0x00000010   Code   RO         3884    i.__mathlib_dbl_underflow  m_ws.l(dunder.o)
    0x080035f8   0x080035f8   0x0000000e   Code   RO         3950    i.__scatterload_copy  mc_w.l(handlers.o)
    0x08003606   0x08003606   0x00000002   Code   RO         3951    i.__scatterload_null  mc_w.l(handlers.o)
    0x08003608   0x08003608   0x0000000e   Code   RO         3952    i.__scatterload_zeroinit  mc_w.l(handlers.o)
    0x08003616   0x08003616   0x00000002   PAD
    0x08003618   0x08003618   0x0000000c   Code   RO         3918    i.__set_errno       mc_w.l(errno.o)
    0x08003624   0x08003624   0x00000184   Code   RO         3823    i._fp_digits        mc_w.l(printfa.o)
    0x080037a8   0x080037a8   0x000006dc   Code   RO         3824    i._printf_core      mc_w.l(printfa.o)
    0x08003e84   0x08003e84   0x00000024   Code   RO         3825    i._printf_post_padding  mc_w.l(printfa.o)
    0x08003ea8   0x08003ea8   0x0000002e   Code   RO         3826    i._printf_pre_padding  mc_w.l(printfa.o)
    0x08003ed6   0x08003ed6   0x00000002   PAD
    0x08003ed8   0x08003ed8   0x00000080   Code   RO         2990    i.accel_self_test   inv_mpu.o
    0x08003f58   0x08003f58   0x00000270   Code   RO         3547    i.asin              m_ws.l(asin.o)
    0x080041c8   0x080041c8   0x00000220   Code   RO         3869    i.atan              m_ws.l(atan.o)
    0x080043e8   0x080043e8   0x00000180   Code   RO         3557    i.atan2             m_ws.l(atan2.o)
    0x08004568   0x08004568   0x0000003a   Code   RO         3331    i.dmp_enable_6x_lp_quat  inv_mpu_dmp_motion_driver.o
    0x080045a2   0x080045a2   0x00000002   PAD
    0x080045a4   0x080045a4   0x000001d8   Code   RO         3332    i.dmp_enable_feature  inv_mpu_dmp_motion_driver.o
    0x0800477c   0x0800477c   0x0000003c   Code   RO         3333    i.dmp_enable_gyro_cal  inv_mpu_dmp_motion_driver.o
    0x080047b8   0x080047b8   0x0000003a   Code   RO         3334    i.dmp_enable_lp_quat  inv_mpu_dmp_motion_driver.o
    0x080047f2   0x080047f2   0x00000002   PAD
    0x080047f4   0x080047f4   0x00000014   Code   RO         3339    i.dmp_load_motion_driver_firmware  inv_mpu_dmp_motion_driver.o
    0x08004808   0x08004808   0x00000148   Code   RO         3340    i.dmp_read_fifo     inv_mpu_dmp_motion_driver.o
    0x08004950   0x08004950   0x000000d8   Code   RO         3343    i.dmp_set_accel_bias  inv_mpu_dmp_motion_driver.o
    0x08004a28   0x08004a28   0x00000064   Code   RO         3344    i.dmp_set_fifo_rate  inv_mpu_dmp_motion_driver.o
    0x08004a8c   0x08004a8c   0x000000cc   Code   RO         3345    i.dmp_set_gyro_bias  inv_mpu_dmp_motion_driver.o
    0x08004b58   0x08004b58   0x0000010c   Code   RO         3347    i.dmp_set_orientation  inv_mpu_dmp_motion_driver.o
    0x08004c64   0x08004c64   0x00000030   Code   RO         3350    i.dmp_set_shake_reject_thresh  inv_mpu_dmp_motion_driver.o
    0x08004c94   0x08004c94   0x00000020   Code   RO         3351    i.dmp_set_shake_reject_time  inv_mpu_dmp_motion_driver.o
    0x08004cb4   0x08004cb4   0x00000020   Code   RO         3352    i.dmp_set_shake_reject_timeout  inv_mpu_dmp_motion_driver.o
    0x08004cd4   0x08004cd4   0x00000040   Code   RO         3353    i.dmp_set_tap_axes  inv_mpu_dmp_motion_driver.o
    0x08004d14   0x08004d14   0x00000022   Code   RO         3354    i.dmp_set_tap_count  inv_mpu_dmp_motion_driver.o
    0x08004d36   0x08004d36   0x00000002   PAD
    0x08004d38   0x08004d38   0x00000128   Code   RO         3355    i.dmp_set_tap_thresh  inv_mpu_dmp_motion_driver.o
    0x08004e60   0x08004e60   0x00000020   Code   RO         3356    i.dmp_set_tap_time  inv_mpu_dmp_motion_driver.o
    0x08004e80   0x08004e80   0x00000020   Code   RO         3357    i.dmp_set_tap_time_multi  inv_mpu_dmp_motion_driver.o
    0x08004ea0   0x08004ea0   0x00000018   Code   RO          658    i.fputc             usart.o
    0x08004eb8   0x08004eb8   0x000000c0   Code   RO         2991    i.get_accel_prod_shift  inv_mpu.o
    0x08004f78   0x08004f78   0x000003f4   Code   RO         2992    i.get_st_biases     inv_mpu.o
    0x0800536c   0x0800536c   0x000000e4   Code   RO         2993    i.gyro_self_test    inv_mpu.o
    0x08005450   0x08005450   0x00000048   Code   RO         3518    i.inv_row_2_scale   mpu6050_1.o
    0x08005498   0x08005498   0x00001490   Code   RO          447    i.main              main.o
    0x08006928   0x08006928   0x00000054   Code   RO         2994    i.mpu_configure_fifo  inv_mpu.o
    0x0800697c   0x0800697c   0x0000003c   Code   RO         2995    i.mpu_get_accel_fsr  inv_mpu.o
    0x080069b8   0x080069b8   0x00000044   Code   RO         2997    i.mpu_get_accel_sens  inv_mpu.o
    0x080069fc   0x080069fc   0x00000034   Code   RO         3003    i.mpu_get_gyro_fsr  inv_mpu.o
    0x08006a30   0x08006a30   0x00000040   Code   RO         3005    i.mpu_get_gyro_sens  inv_mpu.o
    0x08006a70   0x08006a70   0x00000038   Code   RO         3007    i.mpu_get_lpf       inv_mpu.o
    0x08006aa8   0x08006aa8   0x0000001c   Code   RO         3009    i.mpu_get_sample_rate  inv_mpu.o
    0x08006ac4   0x08006ac4   0x000000dc   Code   RO         3011    i.mpu_init          inv_mpu.o
    0x08006ba0   0x08006ba0   0x000000b0   Code   RO         3012    i.mpu_load_firmware  inv_mpu.o
    0x08006c50   0x08006c50   0x000000d4   Code   RO         3013    i.mpu_lp_accel_mode  inv_mpu.o
    0x08006d24   0x08006d24   0x000000c0   Code   RO         3019    i.mpu_read_fifo_stream  inv_mpu.o
    0x08006de4   0x08006de4   0x00000074   Code   RO         3020    i.mpu_read_mem      inv_mpu.o
    0x08006e58   0x08006e58   0x000001c0   Code   RO         3023    i.mpu_reset_fifo    inv_mpu.o
    0x08007018   0x08007018   0x000000f0   Code   RO         3024    i.mpu_run_self_test  inv_mpu.o
    0x08007108   0x08007108   0x00000078   Code   RO         3027    i.mpu_set_accel_fsr  inv_mpu.o
    0x08007180   0x08007180   0x00000138   Code   RO         3028    i.mpu_set_bypass    inv_mpu.o
    0x080072b8   0x080072b8   0x00000094   Code   RO         3030    i.mpu_set_dmp_state  inv_mpu.o
    0x0800734c   0x0800734c   0x00000080   Code   RO         3032    i.mpu_set_gyro_fsr  inv_mpu.o
    0x080073cc   0x080073cc   0x00000074   Code   RO         3033    i.mpu_set_int_latched  inv_mpu.o
    0x08007440   0x08007440   0x00000080   Code   RO         3035    i.mpu_set_lpf       inv_mpu.o
    0x080074c0   0x080074c0   0x00000098   Code   RO         3036    i.mpu_set_sample_rate  inv_mpu.o
    0x08007558   0x08007558   0x000000dc   Code   RO         3037    i.mpu_set_sensors   inv_mpu.o
    0x08007634   0x08007634   0x00000074   Code   RO         3038    i.mpu_write_mem     inv_mpu.o
    0x080076a8   0x080076a8   0x00000082   Code   RO         3519    i.run_self_test     mpu6050_1.o
    0x0800772a   0x0800772a   0x00000002   PAD
    0x0800772c   0x0800772c   0x0000007c   Code   RO         3039    i.set_int_enable    inv_mpu.o
    0x080077a8   0x080077a8   0x0000004c   Code   RO         3565    i.sqrt              m_ws.l(sqrt.o)
    0x080077f4   0x080077f4   0x00000012   Data   RO         1327    .constdata          stm32f1xx_hal_rcc.o
    0x08007806   0x08007806   0x00000012   Data   RO         1419    .constdata          stm32f1xx_hal_rcc_ex.o
    0x08007818   0x08007818   0x00000010   Data   RO         2954    .constdata          system_stm32f1xx.o
    0x08007828   0x08007828   0x00000008   Data   RO         2955    .constdata          system_stm32f1xx.o
    0x08007830   0x08007830   0x0000001e   Data   RO         3040    .constdata          inv_mpu.o
    0x0800784e   0x0800784e   0x0000000c   Data   RO         3041    .constdata          inv_mpu.o
    0x0800785a   0x0800785a   0x00000002   PAD
    0x0800785c   0x0800785c   0x00000028   Data   RO         3042    .constdata          inv_mpu.o
    0x08007884   0x08007884   0x00000bf6   Data   RO         3359    .constdata          inv_mpu_dmp_motion_driver.o
    0x0800847a   0x0800847a   0x00000006   PAD
    0x08008480   0x08008480   0x00000050   Data   RO         3548    .constdata          m_ws.l(asin.o)
    0x080084d0   0x080084d0   0x00000098   Data   RO         3870    .constdata          m_ws.l(atan.o)
    0x08008568   0x08008568   0x00000008   Data   RO         3896    .constdata          m_ws.l(qnan.o)
    0x08008570   0x08008570   0x00000020   Data   RO         3948    Region$$Table       anon$$obj.o


    Execution Region RW_IRAM1 (Exec base: 0x20000000, Load base: 0x08008590, Size: 0x000019f0, Max: 0x00005000, ABSOLUTE)

    Exec Addr    Load Addr    Size         Type   Attr      Idx    E Section Name        Object

    0x20000000   0x08008590   0x00000014   Data   RW          449    .data               main.o
    0x20000014   0x080085a4   0x0000000c   Data   RW         1164    .data               stm32f1xx_hal.o
    0x20000020   0x080085b0   0x00000004   Data   RW         2956    .data               system_stm32f1xx.o
    0x20000024   0x080085b4   0x0000002c   Data   RW         3043    .data               inv_mpu.o
    0x20000050   0x080085e0   0x00000009   Data   RW         3520    .data               mpu6050_1.o
    0x20000059   0x080085e9   0x00000003   PAD
    0x2000005c   0x080085ec   0x00000004   Data   RW         3911    .data               mc_w.l(stdout.o)
    0x20000060   0x080085f0   0x00000004   Data   RW         3919    .data               mc_w.l(errno.o)
    0x20000064        -       0x000013b0   Zero   RW          448    .bss                main.o
    0x20001414        -       0x000000a4   Zero   RW          545    .bss                adc.o
    0x200014b8        -       0x00000054   Zero   RW          616    .bss                i2c.o
    0x2000150c        -       0x000000d0   Zero   RW          659    .bss                usart.o
    0x200015dc        -       0x00000010   Zero   RW         3358    .bss                inv_mpu_dmp_motion_driver.o
    0x200015ec   0x080085f4   0x00000004   PAD
    0x200015f0        -       0x00000400   Zero   RW            1    STACK               startup_stm32f103xb.o


==============================================================================

Image component sizes


      Code (inc. data)   RO Data    RW Data    ZI Data      Debug   Object Name

       588         46          0          0        164       2564   adc.o
        76          4          0          0          0        734   dma.o
       128          8          0          0          0        915   gpio.o
       156         26          0          0         84       1553   i2c.o
      5140        280         82         44          0      28319   inv_mpu.o
      2354        118       3062          0         16      19960   inv_mpu_dmp_motion_driver.o
         0          0          0          0          0     423592   ioi2c.o
      5512        406          0         20       5040       6664   main.o
       790         10          0          9          0       4374   mpu6050_1.o
        36          8        236          0       1024        780   startup_stm32f103xb.o
       164         28          0         12          0       5749   stm32f1xx_hal.o
      1134         56          0          0          0       8298   stm32f1xx_hal_adc.o
       216          6          0          0          0       1398   stm32f1xx_hal_adc_ex.o
       198         14          0          0          0      28827   stm32f1xx_hal_cortex.o
       808         36          0          0          0       4854   stm32f1xx_hal_dma.o
       490         34          0          0          0       2832   stm32f1xx_hal_gpio.o
      2370         56          0          0          0      12754   stm32f1xx_hal_i2c.o
        60          8          0          0          0        834   stm32f1xx_hal_msp.o
      1240         84         18          0          0       4996   stm32f1xx_hal_rcc.o
       400         28         18          0          0       2413   stm32f1xx_hal_rcc_ex.o
      1554         10          0          0          0      10624   stm32f1xx_hal_uart.o
        68         24          0          0          0       5407   stm32f1xx_it.o
         2          0         24          4          0       1059   system_stm32f1xx.o
       300         32          0          0        208       2348   usart.o

    ----------------------------------------------------------------------
     23812       1322       3480         92       6540     581848   Object Totals
         0          0         32          0          0          0   (incl. Generated)
        28          0          8          3          4          0   (incl. Padding)

    ----------------------------------------------------------------------

      Code (inc. data)   RO Data    RW Data    ZI Data      Debug   Library Member Name

       624         52         80          0          0        168   asin.o
       544         70        152          0          0        124   atan.o
       384         38          0          0          0        144   atan2.o
        38          6          0          0          0        272   dunder.o
        40          0          0          0          0         68   fpclassify.o
       170          0          0          0          0         96   poly.o
         0          0          8          0          0          0   qnan.o
        76          0          0          0          0         84   sqrt.o
         0          0          0          0          0          0   entry.o
         0          0          0          0          0          0   entry10a.o
         0          0          0          0          0          0   entry11a.o
         8          4          0          0          0          0   entry2.o
         4          0          0          0          0          0   entry5.o
         0          0          0          0          0          0   entry7b.o
         0          0          0          0          0          0   entry8b.o
         8          4          0          0          0          0   entry9a.o
        12          6          0          4          0         68   errno.o
        30          0          0          0          0          0   handlers.o
        36          8          0          0          0         68   init.o
         0          0          0          0          0          0   iusefp.o
        98          0          0          0          0         84   ldiv.o
        30          0          0          0          0         68   llshl.o
        36          0          0          0          0         68   llsshr.o
        32          0          0          0          0         68   llushr.o
        26          0          0          0          0         80   memcmp.o
        36          0          0          0          0        108   memseta.o
      2258         90          0          0          0        452   printfa.o
         0          0          0          4          0          0   stdout.o
        44          0          0          0          0         80   uidiv.o
        98          0          0          0          0         92   uldiv.o
        48          0          0          0          0         68   cdrcmple.o
        56          0          0          0          0         88   d2f.o
       334          0          0          0          0        148   dadd.o
       222          0          0          0          0        100   ddiv.o
       186          0          0          0          0        176   depilogue.o
        48          0          0          0          0         68   dfixul.o
       228          0          0          0          0         96   dmul.o
        46          0          0          0          0         80   dscalb.o
       162          0          0          0          0        100   dsqrt.o
        38          0          0          0          0         68   f2d.o
       176          0          0          0          0        140   fadd.o
       124          0          0          0          0         88   fdiv.o
       110          0          0          0          0        168   fepilogue.o
        50          0          0          0          0         68   ffixi.o
        40          0          0          0          0         68   ffixui.o
        18          0          0          0          0         68   fflti.o
        10          0          0          0          0         68   ffltui.o
       100          0          0          0          0         76   fmul.o
        24          0          0          0          0         68   fscalb.o

    ----------------------------------------------------------------------
      6660        278        240          8          0       3996   Library Totals
         8          0          0          0          0          0   (incl. Padding)

    ----------------------------------------------------------------------

      Code (inc. data)   RO Data    RW Data    ZI Data      Debug   Library Name

      1876        166        240          0          0        956   m_ws.l
      2756        112          0          8          0       1236   mc_w.l
      2020          0          0          0          0       1804   mf_w.l

    ----------------------------------------------------------------------
      6660        278        240          8          0       3996   Library Totals

    ----------------------------------------------------------------------

==============================================================================


      Code (inc. data)   RO Data    RW Data    ZI Data      Debug   

     30472       1600       3720        100       6540     576688   Grand Totals
     30472       1600       3720        100       6540     576688   ELF Image Totals
     30472       1600       3720        100          0          0   ROM Totals

==============================================================================

    Total RO  Size (Code + RO Data)                34192 (  33.39kB)
    Total RW  Size (RW Data + ZI Data)              6640 (   6.48kB)
    Total ROM Size (Code + RO Data + RW Data)      34292 (  33.49kB)

==============================================================================

